<?xml version="1.0" encoding="ISO-8859-1" ?>
<link_info>
   <banner>TI ARM Linker PC v18.1.3.LTS</banner>
   <copyright>Copyright (c) 1996-2017 Texas Instruments Incorporated</copyright>
   <link_time>0x5c5b6b86</link_time>
   <link_errors>0x0</link_errors>
   <output_file>interrupt.out</output_file>
   <entry_point>
      <name>_c_int00_noargs</name>
      <address>0x20008dad</address>
   </entry_point>
   <input_file_list>
      <input_file id="fl-2">
         <path>.\</path>
         <kind>object</kind>
         <file>Adafruit_GFX.obj</file>
         <name>Adafruit_GFX.obj</name>
      </input_file>
      <input_file id="fl-3">
         <path>.\</path>
         <kind>object</kind>
         <file>Adafruit_OLED.obj</file>
         <name>Adafruit_OLED.obj</name>
      </input_file>
      <input_file id="fl-4">
         <path>.\</path>
         <kind>object</kind>
         <file>main.obj</file>
         <name>main.obj</name>
      </input_file>
      <input_file id="fl-5">
         <path>.\</path>
         <kind>object</kind>
         <file>pinmux.obj</file>
         <name>pinmux.obj</name>
      </input_file>
      <input_file id="fl-6">
         <path>.\</path>
         <kind>object</kind>
         <file>startup_ccs.obj</file>
         <name>startup_ccs.obj</name>
      </input_file>
      <input_file id="fl-7">
         <path>.\</path>
         <kind>object</kind>
         <file>systick_if.obj</file>
         <name>systick_if.obj</name>
      </input_file>
      <input_file id="fl-8">
         <path>.\</path>
         <kind>object</kind>
         <file>test.obj</file>
         <name>test.obj</name>
      </input_file>
      <input_file id="fl-9">
         <path>.\</path>
         <kind>object</kind>
         <file>timer_if.obj</file>
         <name>timer_if.obj</name>
      </input_file>
      <input_file id="fl-a">
         <path>.\</path>
         <kind>object</kind>
         <file>uart_if.obj</file>
         <name>uart_if.obj</name>
      </input_file>
      <input_file id="fl-f">
         <kind>object</kind>
         <file>&lt;internal&gt;</file>
         <name>&lt;internal&gt;</name>
      </input_file>
      <input_file id="fl-c5">
         <path>C:\ti\ccsv8\tools\compiler\ti-cgt-arm_18.1.3.LTS\lib\</path>
         <kind>archive</kind>
         <file>rtsv7M4_T_le_v4SPD16_eabi.lib</file>
         <name>memset_t2.asm.obj</name>
      </input_file>
      <input_file id="fl-c6">
         <path>C:\ti\ccsv8\tools\compiler\ti-cgt-arm_18.1.3.LTS\lib\</path>
         <kind>archive</kind>
         <file>rtsv7M4_T_le_v4SPD16_eabi.lib</file>
         <name>copy_zero_init.c.obj</name>
      </input_file>
      <input_file id="fl-c7">
         <path>C:\ti\ccsv8\tools\compiler\ti-cgt-arm_18.1.3.LTS\lib\</path>
         <kind>archive</kind>
         <file>rtsv7M4_T_le_v4SPD16_eabi.lib</file>
         <name>copy_decompress_none.c.obj</name>
      </input_file>
      <input_file id="fl-c8">
         <path>C:\ti\ccsv8\tools\compiler\ti-cgt-arm_18.1.3.LTS\lib\</path>
         <kind>archive</kind>
         <file>rtsv7M4_T_le_v4SPD16_eabi.lib</file>
         <name>copy_decompress_lzss.c.obj</name>
      </input_file>
      <input_file id="fl-c9">
         <path>C:\ti\ccsv8\tools\compiler\ti-cgt-arm_18.1.3.LTS\lib\</path>
         <kind>archive</kind>
         <file>rtsv7M4_T_le_v4SPD16_eabi.lib</file>
         <name>memory.c.obj</name>
      </input_file>
      <input_file id="fl-ca">
         <path>C:\ti\ccsv8\tools\compiler\ti-cgt-arm_18.1.3.LTS\lib\</path>
         <kind>archive</kind>
         <file>rtsv7M4_T_le_v4SPD16_eabi.lib</file>
         <name>_lock.c.obj</name>
      </input_file>
      <input_file id="fl-cb">
         <path>C:\ti\ccsv8\tools\compiler\ti-cgt-arm_18.1.3.LTS\lib\</path>
         <kind>archive</kind>
         <file>rtsv7M4_T_le_v4SPD16_eabi.lib</file>
         <name>memmov.c.obj</name>
      </input_file>
      <input_file id="fl-cc">
         <path>C:\ti\ccsv8\tools\compiler\ti-cgt-arm_18.1.3.LTS\lib\</path>
         <kind>archive</kind>
         <file>rtsv7M4_T_le_v4SPD16_eabi.lib</file>
         <name>strcmp.c.obj</name>
      </input_file>
      <input_file id="fl-cd">
         <path>C:\ti\ccsv8\tools\compiler\ti-cgt-arm_18.1.3.LTS\lib\</path>
         <kind>archive</kind>
         <file>rtsv7M4_T_le_v4SPD16_eabi.lib</file>
         <name>strcpy.c.obj</name>
      </input_file>
      <input_file id="fl-ce">
         <path>C:\ti\ccsv8\tools\compiler\ti-cgt-arm_18.1.3.LTS\lib\</path>
         <kind>archive</kind>
         <file>rtsv7M4_T_le_v4SPD16_eabi.lib</file>
         <name>strlen.c.obj</name>
      </input_file>
      <input_file id="fl-cf">
         <path>C:\ti\ccsv8\tools\compiler\ti-cgt-arm_18.1.3.LTS\lib\</path>
         <kind>archive</kind>
         <file>rtsv7M4_T_le_v4SPD16_eabi.lib</file>
         <name>vsnprintf.c.obj</name>
      </input_file>
      <input_file id="fl-d0">
         <path>C:\ti\ccsv8\tools\compiler\ti-cgt-arm_18.1.3.LTS\lib\</path>
         <kind>archive</kind>
         <file>rtsv7M4_T_le_v4SPD16_eabi.lib</file>
         <name>boot_cortex_m.c.obj</name>
      </input_file>
      <input_file id="fl-d1">
         <path>C:\ti\ccsv8\tools\compiler\ti-cgt-arm_18.1.3.LTS\lib\</path>
         <kind>archive</kind>
         <file>rtsv7M4_T_le_v4SPD16_eabi.lib</file>
         <name>memcpy_t2.asm.obj</name>
      </input_file>
      <input_file id="fl-d2">
         <path>C:\ti\ccsv8\tools\compiler\ti-cgt-arm_18.1.3.LTS\lib\</path>
         <kind>archive</kind>
         <file>rtsv7M4_T_le_v4SPD16_eabi.lib</file>
         <name>autoinit.c.obj</name>
      </input_file>
      <input_file id="fl-d3">
         <path>C:\ti\ccsv8\tools\compiler\ti-cgt-arm_18.1.3.LTS\lib\</path>
         <kind>archive</kind>
         <file>rtsv7M4_T_le_v4SPD16_eabi.lib</file>
         <name>pre_init.c.obj</name>
      </input_file>
      <input_file id="fl-d4">
         <path>C:\ti\ccsv8\tools\compiler\ti-cgt-arm_18.1.3.LTS\lib\</path>
         <kind>archive</kind>
         <file>rtsv7M4_T_le_v4SPD16_eabi.lib</file>
         <name>cpy_tbl.c.obj</name>
      </input_file>
      <input_file id="fl-d5">
         <path>C:\ti\ccsv8\tools\compiler\ti-cgt-arm_18.1.3.LTS\lib\</path>
         <kind>archive</kind>
         <file>rtsv7M4_T_le_v4SPD16_eabi.lib</file>
         <name>exit.c.obj</name>
      </input_file>
      <input_file id="fl-d6">
         <path>C:\ti\ccsv8\tools\compiler\ti-cgt-arm_18.1.3.LTS\lib\</path>
         <kind>archive</kind>
         <file>rtsv7M4_T_le_v4SPD16_eabi.lib</file>
         <name>_printfi.c.obj</name>
      </input_file>
      <input_file id="fl-d7">
         <path>C:\ti\ccsv8\tools\compiler\ti-cgt-arm_18.1.3.LTS\lib\</path>
         <kind>archive</kind>
         <file>rtsv7M4_T_le_v4SPD16_eabi.lib</file>
         <name>args_main.c.obj</name>
      </input_file>
      <input_file id="fl-d8">
         <path>C:\ti\ccsv8\tools\compiler\ti-cgt-arm_18.1.3.LTS\lib\</path>
         <kind>archive</kind>
         <file>rtsv7M4_T_le_v4SPD16_eabi.lib</file>
         <name>atoi.c.obj</name>
      </input_file>
      <input_file id="fl-d9">
         <path>C:\ti\ccsv8\tools\compiler\ti-cgt-arm_18.1.3.LTS\lib\</path>
         <kind>archive</kind>
         <file>rtsv7M4_T_le_v4SPD16_eabi.lib</file>
         <name>ctype.c.obj</name>
      </input_file>
      <input_file id="fl-da">
         <path>C:\ti\ccsv8\tools\compiler\ti-cgt-arm_18.1.3.LTS\lib\</path>
         <kind>archive</kind>
         <file>rtsv7M4_T_le_v4SPD16_eabi.lib</file>
         <name>ltoa.c.obj</name>
      </input_file>
      <input_file id="fl-db">
         <path>C:\ti\ccsv8\tools\compiler\ti-cgt-arm_18.1.3.LTS\lib\</path>
         <kind>archive</kind>
         <file>rtsv7M4_T_le_v4SPD16_eabi.lib</file>
         <name>memccpy.c.obj</name>
      </input_file>
      <input_file id="fl-dc">
         <path>C:\ti\ccsv8\tools\compiler\ti-cgt-arm_18.1.3.LTS\lib\</path>
         <kind>archive</kind>
         <file>rtsv7M4_T_le_v4SPD16_eabi.lib</file>
         <name>strchr.c.obj</name>
      </input_file>
      <input_file id="fl-dd">
         <path>C:\ti\ccsv8\tools\compiler\ti-cgt-arm_18.1.3.LTS\lib\</path>
         <kind>archive</kind>
         <file>rtsv7M4_T_le_v4SPD16_eabi.lib</file>
         <name>errno.c.obj</name>
      </input_file>
      <input_file id="fl-de">
         <path>C:\ti\ccsv8\tools\compiler\ti-cgt-arm_18.1.3.LTS\lib\</path>
         <kind>archive</kind>
         <file>rtsv7M4_T_le_v4SPD16_eabi.lib</file>
         <name>s_frexp.c.obj</name>
      </input_file>
      <input_file id="fl-df">
         <path>C:\ti\ccsv8\tools\compiler\ti-cgt-arm_18.1.3.LTS\lib\</path>
         <kind>archive</kind>
         <file>rtsv7M4_T_le_v4SPD16_eabi.lib</file>
         <name>s_scalbn.c.obj</name>
      </input_file>
      <input_file id="fl-e0">
         <path>C:\ti\ccsv8\tools\compiler\ti-cgt-arm_18.1.3.LTS\lib\</path>
         <kind>archive</kind>
         <file>rtsv7M4_T_le_v4SPD16_eabi.lib</file>
         <name>wcslen.c.obj</name>
      </input_file>
      <input_file id="fl-e1">
         <path>C:\ti\ccsv8\tools\compiler\ti-cgt-arm_18.1.3.LTS\lib\</path>
         <kind>archive</kind>
         <file>rtsv7M4_T_le_v4SPD16_eabi.lib</file>
         <name>s_copysign.c.obj</name>
      </input_file>
      <input_file id="fl-e2">
         <path>C:\ti\ccsv8\tools\compiler\ti-cgt-arm_18.1.3.LTS\lib\</path>
         <kind>archive</kind>
         <file>rtsv7M4_T_le_v4SPD16_eabi.lib</file>
         <name>ull_div_t2.asm.obj</name>
      </input_file>
      <input_file id="fl-e3">
         <path>C:\ti\ccsv8\tools\compiler\ti-cgt-arm_18.1.3.LTS\lib\</path>
         <kind>archive</kind>
         <file>rtsv7M4_T_le_v4SPD16_eabi.lib</file>
         <name>fd_add_t2.asm.obj</name>
      </input_file>
      <input_file id="fl-e4">
         <path>C:\ti\ccsv8\tools\compiler\ti-cgt-arm_18.1.3.LTS\lib\</path>
         <kind>archive</kind>
         <file>rtsv7M4_T_le_v4SPD16_eabi.lib</file>
         <name>fd_cmp_t2.asm.obj</name>
      </input_file>
      <input_file id="fl-e5">
         <path>C:\ti\ccsv8\tools\compiler\ti-cgt-arm_18.1.3.LTS\lib\</path>
         <kind>archive</kind>
         <file>rtsv7M4_T_le_v4SPD16_eabi.lib</file>
         <name>fd_div_t2.asm.obj</name>
      </input_file>
      <input_file id="fl-e6">
         <path>C:\ti\ccsv8\tools\compiler\ti-cgt-arm_18.1.3.LTS\lib\</path>
         <kind>archive</kind>
         <file>rtsv7M4_T_le_v4SPD16_eabi.lib</file>
         <name>fd_mul_t2.asm.obj</name>
      </input_file>
      <input_file id="fl-e7">
         <path>C:\ti\ccsv8\tools\compiler\ti-cgt-arm_18.1.3.LTS\lib\</path>
         <kind>archive</kind>
         <file>rtsv7M4_T_le_v4SPD16_eabi.lib</file>
         <name>fd_toi_t2.asm.obj</name>
      </input_file>
      <input_file id="fl-e8">
         <path>C:\ti\ccsv8\tools\compiler\ti-cgt-arm_18.1.3.LTS\lib\</path>
         <kind>archive</kind>
         <file>rtsv7M4_T_le_v4SPD16_eabi.lib</file>
         <name>i_tofd_t2.asm.obj</name>
      </input_file>
      <input_file id="fl-e9">
         <path>C:\ti\ccsv8\tools\compiler\ti-cgt-arm_18.1.3.LTS\lib\</path>
         <kind>archive</kind>
         <file>rtsv7M4_T_le_v4SPD16_eabi.lib</file>
         <name>div0.asm.obj</name>
      </input_file>
      <input_file id="fl-ea">
         <path>C:\ti\CC3200SDK_1.3.0\cc3200-sdk\driverlib\ccs\Release\</path>
         <kind>archive</kind>
         <file>driverlib.a</file>
         <name>gpio.obj</name>
      </input_file>
      <input_file id="fl-eb">
         <path>C:\ti\CC3200SDK_1.3.0\cc3200-sdk\driverlib\ccs\Release\</path>
         <kind>archive</kind>
         <file>driverlib.a</file>
         <name>interrupt.obj</name>
      </input_file>
      <input_file id="fl-ec">
         <path>C:\ti\CC3200SDK_1.3.0\cc3200-sdk\driverlib\ccs\Release\</path>
         <kind>archive</kind>
         <file>driverlib.a</file>
         <name>pin.obj</name>
      </input_file>
      <input_file id="fl-ed">
         <path>C:\ti\CC3200SDK_1.3.0\cc3200-sdk\driverlib\ccs\Release\</path>
         <kind>archive</kind>
         <file>driverlib.a</file>
         <name>prcm.obj</name>
      </input_file>
      <input_file id="fl-ee">
         <path>C:\ti\CC3200SDK_1.3.0\cc3200-sdk\driverlib\ccs\Release\</path>
         <kind>archive</kind>
         <file>driverlib.a</file>
         <name>spi.obj</name>
      </input_file>
      <input_file id="fl-ef">
         <path>C:\ti\CC3200SDK_1.3.0\cc3200-sdk\driverlib\ccs\Release\</path>
         <kind>archive</kind>
         <file>driverlib.a</file>
         <name>systick.obj</name>
      </input_file>
      <input_file id="fl-f0">
         <path>C:\ti\CC3200SDK_1.3.0\cc3200-sdk\driverlib\ccs\Release\</path>
         <kind>archive</kind>
         <file>driverlib.a</file>
         <name>timer.obj</name>
      </input_file>
      <input_file id="fl-f1">
         <path>C:\ti\CC3200SDK_1.3.0\cc3200-sdk\driverlib\ccs\Release\</path>
         <kind>archive</kind>
         <file>driverlib.a</file>
         <name>uart.obj</name>
      </input_file>
      <input_file id="fl-f2">
         <path>C:\ti\CC3200SDK_1.3.0\cc3200-sdk\driverlib\ccs\Release\</path>
         <kind>archive</kind>
         <file>driverlib.a</file>
         <name>utils.obj</name>
      </input_file>
      <input_file id="fl-f3">
         <path>C:\ti\CC3200SDK_1.3.0\cc3200-sdk\driverlib\ccs\Release\</path>
         <kind>archive</kind>
         <file>driverlib.a</file>
         <name>cpu.obj</name>
      </input_file>
      <input_file id="fl-f4">
         <path>C:\ti\CC3200SDK_1.3.0\cc3200-sdk\driverlib\ccs\Release\</path>
         <kind>archive</kind>
         <file>driverlib.a</file>
         <name>flash.obj</name>
      </input_file>
   </input_file_list>
   <object_component_list>
      <object_component id="oc-f">
         <name>.intvecs</name>
         <load_address>0x20004000</load_address>
         <run_address>0x20004000</run_address>
         <size>0x400</size>
         <input_file_ref idref="fl-6"/>
      </object_component>
      <object_component id="oc-c2">
         <name>.text</name>
         <load_address>0x20004400</load_address>
         <run_address>0x20004400</run_address>
         <size>0xabc</size>
         <input_file_ref idref="fl-4"/>
      </object_component>
      <object_component id="oc-117">
         <name>.text</name>
         <load_address>0x20004ebc</load_address>
         <run_address>0x20004ebc</run_address>
         <size>0xa80</size>
         <input_file_ref idref="fl-2"/>
      </object_component>
      <object_component id="oc-3ae">
         <name>.text:__TI_printfi</name>
         <load_address>0x2000593c</load_address>
         <run_address>0x2000593c</run_address>
         <size>0xa5e</size>
         <input_file_ref idref="fl-d6"/>
      </object_component>
      <object_component id="oc-43f">
         <name>.text:IntDefaultHandler</name>
         <load_address>0x2000639a</load_address>
         <run_address>0x2000639a</run_address>
         <size>0x2</size>
         <input_file_ref idref="fl-eb"/>
      </object_component>
      <object_component id="oc-11d">
         <name>.text</name>
         <load_address>0x2000639c</load_address>
         <run_address>0x2000639c</run_address>
         <size>0x4a6</size>
         <input_file_ref idref="fl-3"/>
      </object_component>
      <object_component id="oc-412">
         <name>.text:_nop</name>
         <load_address>0x20006842</load_address>
         <run_address>0x20006842</run_address>
         <size>0x2</size>
         <input_file_ref idref="fl-ca"/>
      </object_component>
      <object_component id="oc-2c">
         <name>.text</name>
         <load_address>0x20006844</load_address>
         <run_address>0x20006844</run_address>
         <size>0x280</size>
         <input_file_ref idref="fl-7"/>
      </object_component>
      <object_component id="oc-134">
         <name>.text</name>
         <load_address>0x20006ac4</load_address>
         <run_address>0x20006ac4</run_address>
         <size>0x280</size>
         <input_file_ref idref="fl-a"/>
      </object_component>
      <object_component id="oc-46b">
         <name>.text:_pconv_a</name>
         <load_address>0x20006d44</load_address>
         <run_address>0x20006d44</run_address>
         <size>0x270</size>
         <input_file_ref idref="fl-d6"/>
      </object_component>
      <object_component id="oc-459">
         <name>.text:_pconv_g</name>
         <load_address>0x20006fb4</load_address>
         <run_address>0x20006fb4</run_address>
         <size>0x1d0</size>
         <input_file_ref idref="fl-d6"/>
      </object_component>
      <object_component id="oc-4dd">
         <name>.text</name>
         <load_address>0x20007184</load_address>
         <run_address>0x20007184</run_address>
         <size>0x1b6</size>
         <input_file_ref idref="fl-e3"/>
      </object_component>
      <object_component id="oc-531">
         <name>.text</name>
         <load_address>0x2000733a</load_address>
         <run_address>0x2000733a</run_address>
         <size>0x2</size>
         <input_file_ref idref="fl-e9"/>
      </object_component>
      <object_component id="oc-111">
         <name>.text</name>
         <load_address>0x2000733c</load_address>
         <run_address>0x2000733c</run_address>
         <size>0x198</size>
         <input_file_ref idref="fl-9"/>
      </object_component>
      <object_component id="oc-188">
         <name>.text:PRCMCC3200MCUInit</name>
         <load_address>0x200074d4</load_address>
         <run_address>0x200074d4</run_address>
         <size>0x178</size>
         <input_file_ref idref="fl-ed"/>
      </object_component>
      <object_component id="oc-192">
         <name>.text</name>
         <load_address>0x2000764c</load_address>
         <run_address>0x2000764c</run_address>
         <size>0x148</size>
         <input_file_ref idref="fl-5"/>
      </object_component>
      <object_component id="oc-465">
         <name>.text:_pconv_e</name>
         <load_address>0x20007794</load_address>
         <run_address>0x20007794</run_address>
         <size>0x13c</size>
         <input_file_ref idref="fl-d6"/>
      </object_component>
      <object_component id="oc-4c3">
         <name>.text</name>
         <load_address>0x200078d0</load_address>
         <run_address>0x200078d0</run_address>
         <size>0x136</size>
         <input_file_ref idref="fl-e5"/>
      </object_component>
      <object_component id="oc-4ef">
         <name>.text:fcvt</name>
         <load_address>0x20007a08</load_address>
         <run_address>0x20007a08</run_address>
         <size>0x120</size>
         <input_file_ref idref="fl-d6"/>
      </object_component>
      <object_component id="oc-2c2">
         <name>.text:realloc</name>
         <load_address>0x20007b28</load_address>
         <run_address>0x20007b28</run_address>
         <size>0x114</size>
         <input_file_ref idref="fl-c9"/>
      </object_component>
      <object_component id="oc-503">
         <name>.text:scalbn</name>
         <load_address>0x20007c3c</load_address>
         <run_address>0x20007c3c</run_address>
         <size>0x110</size>
         <input_file_ref idref="fl-df"/>
      </object_component>
      <object_component id="oc-4be">
         <name>.text</name>
         <load_address>0x20007d4c</load_address>
         <run_address>0x20007d4c</run_address>
         <size>0xfc</size>
         <input_file_ref idref="fl-e6"/>
      </object_component>
      <object_component id="oc-2c8">
         <name>.text:free</name>
         <load_address>0x20007e48</load_address>
         <run_address>0x20007e48</run_address>
         <size>0xd8</size>
         <input_file_ref idref="fl-c9"/>
      </object_component>
      <object_component id="oc-44e">
         <name>.text:_ltostr</name>
         <load_address>0x20007f20</load_address>
         <run_address>0x20007f20</run_address>
         <size>0xb1</size>
         <input_file_ref idref="fl-d6"/>
      </object_component>
      <object_component id="oc-38e">
         <name>.text:IntDisable</name>
         <load_address>0x20007fd4</load_address>
         <run_address>0x20007fd4</run_address>
         <size>0xa8</size>
         <input_file_ref idref="fl-eb"/>
      </object_component>
      <object_component id="oc-182">
         <name>.text:IntEnable</name>
         <load_address>0x2000807c</load_address>
         <run_address>0x2000807c</run_address>
         <size>0xa8</size>
         <input_file_ref idref="fl-eb"/>
      </object_component>
      <object_component id="oc-1c8">
         <name>.text:SPIConfigSetExpClk</name>
         <load_address>0x20008124</load_address>
         <run_address>0x20008124</run_address>
         <size>0xa0</size>
         <input_file_ref idref="fl-ee"/>
      </object_component>
      <object_component id="oc-40">
         <name>.text</name>
         <load_address>0x200081c4</load_address>
         <run_address>0x200081c4</run_address>
         <size>0x9c</size>
         <input_file_ref idref="fl-d1"/>
      </object_component>
      <object_component id="oc-4b7">
         <name>.text</name>
         <load_address>0x20008260</load_address>
         <run_address>0x20008260</run_address>
         <size>0x96</size>
         <input_file_ref idref="fl-e2"/>
      </object_component>
      <object_component id="oc-1a4">
         <name>.text:PRCMPeripheralClockGet</name>
         <load_address>0x200082f8</load_address>
         <run_address>0x200082f8</run_address>
         <size>0x94</size>
         <input_file_ref idref="fl-ed"/>
      </object_component>
      <object_component id="oc-3fa">
         <name>.text:PinConfigSet</name>
         <load_address>0x2000838c</load_address>
         <run_address>0x2000838c</run_address>
         <size>0x88</size>
         <input_file_ref idref="fl-ec"/>
      </object_component>
      <object_component id="oc-454">
         <name>.text:__aeabi_cdcmple</name>
         <load_address>0x20008414</load_address>
         <run_address>0x20008414</run_address>
         <size>0x86</size>
         <input_file_ref idref="fl-e4"/>
      </object_component>
      <object_component id="oc-4c8">
         <name>.text:__aeabi_cdrcmple</name>
         <load_address>0x2000849a</load_address>
         <run_address>0x2000849a</run_address>
         <size>0x86</size>
         <input_file_ref idref="fl-e4"/>
      </object_component>
      <object_component id="oc-1b6">
         <name>.text:GPIOIntTypeSet</name>
         <load_address>0x20008520</load_address>
         <run_address>0x20008520</run_address>
         <size>0x82</size>
         <input_file_ref idref="fl-ea"/>
      </object_component>
      <object_component id="oc-b6">
         <name>.text</name>
         <load_address>0x200085a2</load_address>
         <run_address>0x200085a2</run_address>
         <size>0x7a</size>
         <input_file_ref idref="fl-c5"/>
      </object_component>
      <object_component id="oc-2bc">
         <name>.text:malloc</name>
         <load_address>0x2000861c</load_address>
         <run_address>0x2000861c</run_address>
         <size>0x78</size>
         <input_file_ref idref="fl-c9"/>
      </object_component>
      <object_component id="oc-1aa">
         <name>.text:UARTConfigSetExpClk</name>
         <load_address>0x20008694</load_address>
         <run_address>0x20008694</run_address>
         <size>0x76</size>
         <input_file_ref idref="fl-f1"/>
      </object_component>
      <object_component id="oc-247">
         <name>.text:TimerIntRegister</name>
         <load_address>0x2000870c</load_address>
         <run_address>0x2000870c</run_address>
         <size>0x70</size>
         <input_file_ref idref="fl-f0"/>
      </object_component>
      <object_component id="oc-4e8">
         <name>.text:_mcpy</name>
         <load_address>0x2000877c</load_address>
         <run_address>0x2000877c</run_address>
         <size>0x6e</size>
         <input_file_ref idref="fl-d6"/>
      </object_component>
      <object_component id="oc-271">
         <name>.text:TimerIntUnregister</name>
         <load_address>0x200087ec</load_address>
         <run_address>0x200087ec</run_address>
         <size>0x68</size>
         <input_file_ref idref="fl-f0"/>
      </object_component>
      <object_component id="oc-12">
         <name>.text:decompress:lzss:__TI_decompress_lzss</name>
         <load_address>0x20008854</load_address>
         <run_address>0x20008854</run_address>
         <size>0x68</size>
         <input_file_ref idref="fl-c8"/>
      </object_component>
      <object_component id="oc-4fd">
         <name>.text:frexp</name>
         <load_address>0x200088bc</load_address>
         <run_address>0x200088bc</run_address>
         <size>0x64</size>
         <input_file_ref idref="fl-de"/>
      </object_component>
      <object_component id="oc-22f">
         <name>.text:PRCMPeripheralReset</name>
         <load_address>0x20008920</load_address>
         <run_address>0x20008920</run_address>
         <size>0x58</size>
         <input_file_ref idref="fl-ed"/>
      </object_component>
      <object_component id="oc-45f">
         <name>.text:_pconv_f</name>
         <load_address>0x20008978</load_address>
         <run_address>0x20008978</run_address>
         <size>0x56</size>
         <input_file_ref idref="fl-d6"/>
      </object_component>
      <object_component id="oc-241">
         <name>.text:IntPrioritySet</name>
         <load_address>0x200089d0</load_address>
         <run_address>0x200089d0</run_address>
         <size>0x54</size>
         <input_file_ref idref="fl-eb"/>
      </object_component>
      <object_component id="oc-4d2">
         <name>.text:ltoa</name>
         <load_address>0x20008a24</load_address>
         <run_address>0x20008a24</run_address>
         <size>0x54</size>
         <input_file_ref idref="fl-da"/>
      </object_component>
      <object_component id="oc-4e2">
         <name>.text:_ecpy</name>
         <load_address>0x20008a78</load_address>
         <run_address>0x20008a78</run_address>
         <size>0x52</size>
         <input_file_ref idref="fl-d6"/>
      </object_component>
      <object_component id="oc-448">
         <name>.text:atoi</name>
         <load_address>0x20008acc</load_address>
         <run_address>0x20008acc</run_address>
         <size>0x4c</size>
         <input_file_ref idref="fl-d8"/>
      </object_component>
      <object_component id="oc-34b">
         <name>.text:GPIOGetIntNumber</name>
         <load_address>0x20008b18</load_address>
         <run_address>0x20008b18</run_address>
         <size>0x48</size>
         <input_file_ref idref="fl-ea"/>
      </object_component>
      <object_component id="oc-4cd">
         <name>.text</name>
         <load_address>0x20008b60</load_address>
         <run_address>0x20008b60</run_address>
         <size>0x48</size>
         <input_file_ref idref="fl-e7"/>
      </object_component>
      <object_component id="oc-235">
         <name>.text:TimerConfigure</name>
         <load_address>0x20008ba8</load_address>
         <run_address>0x20008ba8</run_address>
         <size>0x44</size>
         <input_file_ref idref="fl-f0"/>
      </object_component>
      <object_component id="oc-32e">
         <name>.text:UARTIntNumberGet</name>
         <load_address>0x20008bec</load_address>
         <run_address>0x20008bec</run_address>
         <size>0x44</size>
         <input_file_ref idref="fl-f1"/>
      </object_component>
      <object_component id="oc-1e5">
         <name>.text:__TI_auto_init_nobinit_nopinit:__TI_auto_init_nobinit_nopinit</name>
         <load_address>0x20008c30</load_address>
         <run_address>0x20008c30</run_address>
         <size>0x44</size>
         <input_file_ref idref="fl-d2"/>
      </object_component>
      <object_component id="oc-30f">
         <name>.text:PinModeSet</name>
         <load_address>0x20008c74</load_address>
         <run_address>0x20008c74</run_address>
         <size>0x40</size>
         <input_file_ref idref="fl-ec"/>
      </object_component>
      <object_component id="oc-2aa">
         <name>.text:vsnprintf</name>
         <load_address>0x20008cb4</load_address>
         <run_address>0x20008cb4</run_address>
         <size>0x40</size>
         <input_file_ref idref="fl-cf"/>
      </object_component>
      <object_component id="oc-4f5">
         <name>.text:_fcpy</name>
         <load_address>0x20008cf4</load_address>
         <run_address>0x20008cf4</run_address>
         <size>0x3e</size>
         <input_file_ref idref="fl-d6"/>
      </object_component>
      <object_component id="oc-229">
         <name>.text:PRCMPeripheralClkEnable</name>
         <load_address>0x20008d34</load_address>
         <run_address>0x20008d34</run_address>
         <size>0x3c</size>
         <input_file_ref idref="fl-ed"/>
      </object_component>
      <object_component id="oc-3db">
         <name>.text:minsert</name>
         <load_address>0x20008d70</load_address>
         <run_address>0x20008d70</run_address>
         <size>0x3c</size>
         <input_file_ref idref="fl-c9"/>
      </object_component>
      <object_component id="oc-5e">
         <name>.text:_c_int00_noargs:_c_int00_noargs</name>
         <load_address>0x20008dac</load_address>
         <run_address>0x20008dac</run_address>
         <size>0x38</size>
         <input_file_ref idref="fl-d0"/>
      </object_component>
      <object_component id="oc-3cf">
         <name>.text:minit</name>
         <load_address>0x20008de4</load_address>
         <run_address>0x20008de4</run_address>
         <size>0x38</size>
         <input_file_ref idref="fl-c9"/>
      </object_component>
      <object_component id="oc-31b">
         <name>.text:GPIODirModeSet</name>
         <load_address>0x20008e1c</load_address>
         <run_address>0x20008e1c</run_address>
         <size>0x36</size>
         <input_file_ref idref="fl-ea"/>
      </object_component>
      <object_component id="oc-315">
         <name>.text:PinTypeGPIO</name>
         <load_address>0x20008e52</load_address>
         <run_address>0x20008e52</run_address>
         <size>0x30</size>
         <input_file_ref idref="fl-ec"/>
      </object_component>
      <object_component id="oc-33e">
         <name>.text:UARTDisable</name>
         <load_address>0x20008e84</load_address>
         <run_address>0x20008e84</run_address>
         <size>0x30</size>
         <input_file_ref idref="fl-f1"/>
      </object_component>
      <object_component id="oc-3b4">
         <name>.text:_outs</name>
         <load_address>0x20008eb4</load_address>
         <run_address>0x20008eb4</run_address>
         <size>0x30</size>
         <input_file_ref idref="fl-cf"/>
      </object_component>
      <object_component id="oc-4d8">
         <name>.text</name>
         <load_address>0x20008ee4</load_address>
         <run_address>0x20008ee4</run_address>
         <size>0x2e</size>
         <input_file_ref idref="fl-e8"/>
      </object_component>
      <object_component id="oc-2f4">
         <name>.text:PRCMSysResetCauseGet</name>
         <load_address>0x20008f14</load_address>
         <run_address>0x20008f14</run_address>
         <size>0x2c</size>
         <input_file_ref idref="fl-ed"/>
      </object_component>
      <object_component id="oc-25f">
         <name>.text:TimerLoadSet</name>
         <load_address>0x20008f40</load_address>
         <run_address>0x20008f40</run_address>
         <size>0x2a</size>
         <input_file_ref idref="fl-f0"/>
      </object_component>
      <object_component id="oc-23b">
         <name>.text:TimerPrescaleSet</name>
         <load_address>0x20008f6a</load_address>
         <run_address>0x20008f6a</run_address>
         <size>0x2a</size>
         <input_file_ref idref="fl-f0"/>
      </object_component>
      <object_component id="oc-306">
         <name>.text:PRCMPeripheralClkDisable</name>
         <load_address>0x20008f94</load_address>
         <run_address>0x20008f94</run_address>
         <size>0x28</size>
         <input_file_ref idref="fl-ed"/>
      </object_component>
      <object_component id="oc-293">
         <name>.text:SPIDataPutNonBlocking</name>
         <load_address>0x20008fbc</load_address>
         <run_address>0x20008fbc</run_address>
         <size>0x28</size>
         <input_file_ref idref="fl-ee"/>
      </object_component>
      <object_component id="oc-3d5">
         <name>.text:mremove</name>
         <load_address>0x20008fe4</load_address>
         <run_address>0x20008fe4</run_address>
         <size>0x28</size>
         <input_file_ref idref="fl-c9"/>
      </object_component>
      <object_component id="oc-394">
         <name>.text:IntUnregister</name>
         <load_address>0x2000900c</load_address>
         <run_address>0x2000900c</run_address>
         <size>0x24</size>
         <input_file_ref idref="fl-eb"/>
      </object_component>
      <object_component id="oc-344">
         <name>.text:UARTEnable</name>
         <load_address>0x20009030</load_address>
         <run_address>0x20009030</run_address>
         <size>0x24</size>
         <input_file_ref idref="fl-f1"/>
      </object_component>
      <object_component id="oc-2b6">
         <name>.text:memmove</name>
         <load_address>0x20009054</load_address>
         <run_address>0x20009054</run_address>
         <size>0x24</size>
         <input_file_ref idref="fl-cb"/>
      </object_component>
      <object_component id="oc-147">
         <name>.text:GPIOIntStatus</name>
         <load_address>0x20009078</load_address>
         <run_address>0x20009078</run_address>
         <size>0x22</size>
         <input_file_ref idref="fl-ea"/>
      </object_component>
      <object_component id="oc-1c2">
         <name>.text:SPIReset</name>
         <load_address>0x2000909a</load_address>
         <run_address>0x2000909a</run_address>
         <size>0x22</size>
         <input_file_ref idref="fl-ee"/>
      </object_component>
      <object_component id="oc-28d">
         <name>.text:GPIOPinWrite</name>
         <load_address>0x200090bc</load_address>
         <run_address>0x200090bc</run_address>
         <size>0x20</size>
         <input_file_ref idref="fl-ea"/>
      </object_component>
      <object_component id="oc-334">
         <name>.text:IntRegister</name>
         <load_address>0x200090dc</load_address>
         <run_address>0x200090dc</run_address>
         <size>0x20</size>
         <input_file_ref idref="fl-eb"/>
      </object_component>
      <object_component id="oc-299">
         <name>.text:SPIDataGet</name>
         <load_address>0x200090fc</load_address>
         <run_address>0x200090fc</run_address>
         <size>0x20</size>
         <input_file_ref idref="fl-ee"/>
      </object_component>
      <object_component id="oc-1b0">
         <name>.text:GPIOIntRegister</name>
         <load_address>0x2000911c</load_address>
         <run_address>0x2000911c</run_address>
         <size>0x1e</size>
         <input_file_ref idref="fl-ea"/>
      </object_component>
      <object_component id="oc-265">
         <name>.text:TimerDisable</name>
         <load_address>0x2000913a</load_address>
         <run_address>0x2000913a</run_address>
         <size>0x1e</size>
         <input_file_ref idref="fl-f0"/>
      </object_component>
      <object_component id="oc-10b">
         <name>.text:TimerEnable</name>
         <load_address>0x20009158</load_address>
         <run_address>0x20009158</run_address>
         <size>0x1e</size>
         <input_file_ref idref="fl-f0"/>
      </object_component>
      <object_component id="oc-253">
         <name>.text:TimerIntStatus</name>
         <load_address>0x20009176</load_address>
         <run_address>0x20009176</run_address>
         <size>0x1e</size>
         <input_file_ref idref="fl-f0"/>
      </object_component>
      <object_component id="oc-128">
         <name>.text:UARTCharPut</name>
         <load_address>0x20009194</load_address>
         <run_address>0x20009194</run_address>
         <size>0x1e</size>
         <input_file_ref idref="fl-f1"/>
      </object_component>
      <object_component id="oc-198">
         <name>.text:UARTIntRegister</name>
         <load_address>0x200091b2</load_address>
         <run_address>0x200091b2</run_address>
         <size>0x1e</size>
         <input_file_ref idref="fl-f1"/>
      </object_component>
      <object_component id="oc-277">
         <name>.text:TimerValueGet</name>
         <load_address>0x200091d0</load_address>
         <run_address>0x200091d0</run_address>
         <size>0x1c</size>
         <input_file_ref idref="fl-f0"/>
      </object_component>
      <object_component id="oc-2b0">
         <name>.text:UARTCharGetNonBlocking</name>
         <load_address>0x200091ec</load_address>
         <run_address>0x200091ec</run_address>
         <size>0x1c</size>
         <input_file_ref idref="fl-f1"/>
      </object_component>
      <object_component id="oc-471">
         <name>.text:memccpy</name>
         <load_address>0x20009208</load_address>
         <run_address>0x20009208</run_address>
         <size>0x1c</size>
         <input_file_ref idref="fl-db"/>
      </object_component>
      <object_component id="oc-1bc">
         <name>.text:GPIOIntEnable</name>
         <load_address>0x20009224</load_address>
         <run_address>0x20009224</run_address>
         <size>0x1a</size>
         <input_file_ref idref="fl-ea"/>
      </object_component>
      <object_component id="oc-321">
         <name>.text:PinTypeSPI</name>
         <load_address>0x2000923e</load_address>
         <run_address>0x2000923e</run_address>
         <size>0x1a</size>
         <input_file_ref idref="fl-ec"/>
      </object_component>
      <object_component id="oc-327">
         <name>.text:PinTypeUART</name>
         <load_address>0x20009258</load_address>
         <run_address>0x20009258</run_address>
         <size>0x1a</size>
         <input_file_ref idref="fl-ec"/>
      </object_component>
      <object_component id="oc-29f">
         <name>.text:SPICSDisable</name>
         <load_address>0x20009272</load_address>
         <run_address>0x20009272</run_address>
         <size>0x18</size>
         <input_file_ref idref="fl-ee"/>
      </object_component>
      <object_component id="oc-287">
         <name>.text:SPICSEnable</name>
         <load_address>0x2000928a</load_address>
         <run_address>0x2000928a</run_address>
         <size>0x18</size>
         <input_file_ref idref="fl-ee"/>
      </object_component>
      <object_component id="oc-1ce">
         <name>.text:SPIEnable</name>
         <load_address>0x200092a2</load_address>
         <run_address>0x200092a2</run_address>
         <size>0x18</size>
         <input_file_ref idref="fl-ee"/>
      </object_component>
      <object_component id="oc-7d">
         <name>.text:SysTickPeriodSet</name>
         <load_address>0x200092bc</load_address>
         <run_address>0x200092bc</run_address>
         <size>0x18</size>
         <input_file_ref idref="fl-ef"/>
      </object_component>
      <object_component id="oc-26b">
         <name>.text:TimerIntDisable</name>
         <load_address>0x200092d4</load_address>
         <run_address>0x200092d4</run_address>
         <size>0x18</size>
         <input_file_ref idref="fl-f0"/>
      </object_component>
      <object_component id="oc-24d">
         <name>.text:TimerIntEnable</name>
         <load_address>0x200092ec</load_address>
         <run_address>0x200092ec</run_address>
         <size>0x18</size>
         <input_file_ref idref="fl-f0"/>
      </object_component>
      <object_component id="oc-164">
         <name>.text:UARTCharsAvail</name>
         <load_address>0x20009304</load_address>
         <run_address>0x20009304</run_address>
         <size>0x18</size>
         <input_file_ref idref="fl-f1"/>
      </object_component>
      <object_component id="oc-19e">
         <name>.text:UARTFIFOLevelSet</name>
         <load_address>0x2000931c</load_address>
         <run_address>0x2000931c</run_address>
         <size>0x18</size>
         <input_file_ref idref="fl-f1"/>
      </object_component>
      <object_component id="oc-158">
         <name>.text:UARTIntDisable</name>
         <load_address>0x20009334</load_address>
         <run_address>0x20009334</run_address>
         <size>0x18</size>
         <input_file_ref idref="fl-f1"/>
      </object_component>
      <object_component id="oc-170">
         <name>.text:UARTIntEnable</name>
         <load_address>0x2000934c</load_address>
         <run_address>0x2000934c</run_address>
         <size>0x18</size>
         <input_file_ref idref="fl-f1"/>
      </object_component>
      <object_component id="oc-3ba">
         <name>.text:_outc</name>
         <load_address>0x20009364</load_address>
         <run_address>0x20009364</run_address>
         <size>0x18</size>
         <input_file_ref idref="fl-cf"/>
      </object_component>
      <object_component id="oc-ff">
         <name>.text:strcmp</name>
         <load_address>0x2000937c</load_address>
         <run_address>0x2000937c</run_address>
         <size>0x18</size>
         <input_file_ref idref="fl-cc"/>
      </object_component>
      <object_component id="oc-2fa">
         <name>.text:PRCMHIBRegRead</name>
         <load_address>0x20009394</load_address>
         <run_address>0x20009394</run_address>
         <size>0x16</size>
         <input_file_ref idref="fl-ed"/>
      </object_component>
      <object_component id="oc-300">
         <name>.text:PRCMHIBRegWrite</name>
         <load_address>0x200093aa</load_address>
         <run_address>0x200093aa</run_address>
         <size>0x16</size>
         <input_file_ref idref="fl-ed"/>
      </object_component>
      <object_component id="oc-15e">
         <name>.text:UARTCharGet</name>
         <load_address>0x200093c0</load_address>
         <run_address>0x200093c0</run_address>
         <size>0x16</size>
         <input_file_ref idref="fl-f1"/>
      </object_component>
      <object_component id="oc-509">
         <name>.text:strchr</name>
         <load_address>0x200093d6</load_address>
         <run_address>0x200093d6</run_address>
         <size>0x16</size>
         <input_file_ref idref="fl-dc"/>
      </object_component>
      <object_component id="oc-2e9">
         <name>.text:CPUcpsie</name>
         <load_address>0x200093ec</load_address>
         <run_address>0x200093ec</run_address>
         <size>0x14</size>
         <input_file_ref idref="fl-f3"/>
      </object_component>
      <object_component id="oc-14d">
         <name>.text:GPIOIntClear</name>
         <load_address>0x20009400</load_address>
         <run_address>0x20009400</run_address>
         <size>0x14</size>
         <input_file_ref idref="fl-ea"/>
      </object_component>
      <object_component id="oc-176">
         <name>.text:IntVTableBaseSet</name>
         <load_address>0x20009414</load_address>
         <run_address>0x20009414</run_address>
         <size>0x14</size>
         <input_file_ref idref="fl-eb"/>
      </object_component>
      <object_component id="oc-54a">
         <name>.text:copysign</name>
         <load_address>0x20009428</load_address>
         <run_address>0x20009428</run_address>
         <size>0x14</size>
         <input_file_ref idref="fl-e1"/>
      </object_component>
      <object_component id="oc-13b">
         <name>.text:strcpy</name>
         <load_address>0x2000943c</load_address>
         <run_address>0x2000943c</run_address>
         <size>0x14</size>
         <input_file_ref idref="fl-cd"/>
      </object_component>
      <object_component id="oc-12e">
         <name>.text:strlen</name>
         <load_address>0x20009450</load_address>
         <run_address>0x20009450</run_address>
         <size>0x14</size>
         <input_file_ref idref="fl-ce"/>
      </object_component>
      <object_component id="oc-259">
         <name>.text:TimerIntClear</name>
         <load_address>0x20009464</load_address>
         <run_address>0x20009464</run_address>
         <size>0x12</size>
         <input_file_ref idref="fl-f0"/>
      </object_component>
      <object_component id="oc-16a">
         <name>.text:UARTIntClear</name>
         <load_address>0x20009476</load_address>
         <run_address>0x20009476</run_address>
         <size>0x12</size>
         <input_file_ref idref="fl-f1"/>
      </object_component>
      <object_component id="oc-4c">
         <name>.text:decompress:ZI:__TI_zero_init_nomemset:__TI_zero_init_nomemset</name>
         <load_address>0x20009488</load_address>
         <run_address>0x20009488</run_address>
         <size>0x12</size>
         <input_file_ref idref="fl-c6"/>
      </object_component>
      <object_component id="oc-477">
         <name>.text:wcslen</name>
         <load_address>0x2000949a</load_address>
         <run_address>0x2000949a</run_address>
         <size>0x12</size>
         <input_file_ref idref="fl-e0"/>
      </object_component>
      <object_component id="oc-83">
         <name>.text:SysTickEnable</name>
         <load_address>0x200094ac</load_address>
         <run_address>0x200094ac</run_address>
         <size>0x10</size>
         <input_file_ref idref="fl-ef"/>
      </object_component>
      <object_component id="oc-77">
         <name>.text:SysTickIntEnable</name>
         <load_address>0x200094bc</load_address>
         <run_address>0x200094bc</run_address>
         <size>0x10</size>
         <input_file_ref idref="fl-ef"/>
      </object_component>
      <object_component id="oc-18">
         <name>.text:decompress:none:__TI_decompress_none</name>
         <load_address>0x200094cc</load_address>
         <run_address>0x200094cc</run_address>
         <size>0xe</size>
         <input_file_ref idref="fl-c7"/>
      </object_component>
      <object_component id="oc-26">
         <name>.text</name>
         <load_address>0x200094da</load_address>
         <run_address>0x200094da</run_address>
         <size>0xe</size>
         <input_file_ref idref="fl-6"/>
      </object_component>
      <object_component id="oc-89">
         <name>.text:SysTickValueGet</name>
         <load_address>0x200094e8</load_address>
         <run_address>0x200094e8</run_address>
         <size>0xc</size>
         <input_file_ref idref="fl-ef"/>
      </object_component>
      <object_component id="oc-17c">
         <name>.text:IntMasterEnable</name>
         <load_address>0x200094f4</load_address>
         <run_address>0x200094f4</run_address>
         <size>0xa</size>
         <input_file_ref idref="fl-eb"/>
      </object_component>
      <object_component id="oc-47d">
         <name>.text:__aeabi_errno_addr</name>
         <load_address>0x20009500</load_address>
         <run_address>0x20009500</run_address>
         <size>0x8</size>
         <input_file_ref idref="fl-dd"/>
      </object_component>
      <object_component id="oc-8f">
         <name>.text:SysCtlDelay</name>
         <load_address>0x20009508</load_address>
         <run_address>0x20009508</run_address>
         <size>0x6</size>
         <input_file_ref idref="fl-7"/>
      </object_component>
      <object_component id="oc-3f2">
         <name>.text:UtilsDelay</name>
         <load_address>0x2000950e</load_address>
         <run_address>0x2000950e</run_address>
         <size>0x6</size>
         <input_file_ref idref="fl-f2"/>
      </object_component>
      <object_component id="oc-bc">
         <name>.text:_system_pre_init</name>
         <load_address>0x20009514</load_address>
         <run_address>0x20009514</run_address>
         <size>0x4</size>
         <input_file_ref idref="fl-d3"/>
      </object_component>
      <object_component id="oc-1d9">
         <name>.text:abort:abort</name>
         <load_address>0x20009518</load_address>
         <run_address>0x20009518</run_address>
         <size>0x4</size>
         <input_file_ref idref="fl-d5"/>
      </object_component>
      <object_component id="oc-27f">
         <name>.const:.string:font</name>
         <load_address>0x2000951c</load_address>
         <run_address>0x2000951c</run_address>
         <size>0x4fb</size>
         <input_file_ref idref="fl-2"/>
      </object_component>
      <object_component id="oc-21e">
         <name>.const:.string</name>
         <load_address>0x20009a18</load_address>
         <run_address>0x20009a18</run_address>
         <size>0x26e</size>
         <input_file_ref idref="fl-4"/>
      </object_component>
      <object_component id="oc-4b2">
         <name>.const:.string:_ctypes_</name>
         <load_address>0x20009c86</load_address>
         <run_address>0x20009c86</run_address>
         <size>0x101</size>
         <input_file_ref idref="fl-d9"/>
      </object_component>
      <object_component id="oc-3f6">
         <name>.const:g_ulPinToPadMap</name>
         <load_address>0x20009d88</load_address>
         <run_address>0x20009d88</run_address>
         <size>0x100</size>
         <input_file_ref idref="fl-ec"/>
      </object_component>
      <object_component id="oc-382">
         <name>.const:g_pulRegs</name>
         <load_address>0x20009e88</load_address>
         <run_address>0x20009e88</run_address>
         <size>0xd4</size>
         <input_file_ref idref="fl-eb"/>
      </object_component>
      <object_component id="oc-37a">
         <name>.const:PRCM_PeriphRegsList</name>
         <load_address>0x20009f5c</load_address>
         <run_address>0x20009f5c</run_address>
         <size>0xa8</size>
         <input_file_ref idref="fl-ed"/>
      </object_component>
      <object_component id="oc-2f0">
         <name>.const</name>
         <load_address>0x2000a004</load_address>
         <run_address>0x2000a004</run_address>
         <size>0x80</size>
         <input_file_ref idref="fl-eb"/>
      </object_component>
      <object_component id="oc-404">
         <name>.const</name>
         <load_address>0x2000a084</load_address>
         <run_address>0x2000a084</run_address>
         <size>0x10</size>
         <input_file_ref idref="fl-f1"/>
      </object_component>
      <object_component id="oc-5a0">
         <name>.cinit..data.load</name>
         <load_address>0x2000a098</load_address>
         <run_address>0x2000a098</run_address>
         <size>0x88</size>
      </object_component>
      <object_component id="oc-59e">
         <name>__TI_handler_table</name>
         <load_address>0x2000a120</load_address>
         <run_address>0x2000a120</run_address>
         <size>0xc</size>
      </object_component>
      <object_component id="oc-5a1">
         <name>.cinit..bss.load</name>
         <load_address>0x2000a130</load_address>
         <run_address>0x2000a130</run_address>
         <size>0x8</size>
      </object_component>
      <object_component id="oc-59f">
         <name>__TI_cinit_table</name>
         <load_address>0x2000a138</load_address>
         <run_address>0x2000a138</run_address>
         <size>0x10</size>
      </object_component>
      <object_component id="oc-282">
         <name>.data</name>
         <load_address>0x2001f1a8</load_address>
         <run_address>0x2001f1a8</run_address>
         <size>0x15</size>
         <input_file_ref idref="fl-2"/>
      </object_component>
      <object_component id="oc-105">
         <name>.data</name>
         <load_address>0x2001f178</load_address>
         <run_address>0x2001f178</run_address>
         <size>0x30</size>
         <input_file_ref idref="fl-4"/>
      </object_component>
      <object_component id="oc-18f">
         <name>.data:checkList</name>
         <load_address>0x2001f148</load_address>
         <run_address>0x2001f148</run_address>
         <size>0x30</size>
         <input_file_ref idref="fl-4"/>
      </object_component>
      <object_component id="oc-90">
         <name>.data</name>
         <load_address>0x2001f1cc</load_address>
         <run_address>0x2001f1cc</run_address>
         <size>0xc</size>
         <input_file_ref idref="fl-7"/>
      </object_component>
      <object_component id="oc-3e1">
         <name>.data:$O1$$</name>
         <load_address>0x2001f1c0</load_address>
         <run_address>0x2001f1c0</run_address>
         <size>0xc</size>
         <input_file_ref idref="fl-c9"/>
      </object_component>
      <object_component id="oc-35c">
         <name>.data:$O1$$</name>
         <load_address>0x2001f1d8</load_address>
         <run_address>0x2001f1d8</run_address>
         <size>0x8</size>
         <input_file_ref idref="fl-ca"/>
      </object_component>
      <object_component id="oc-519">
         <name>.data</name>
         <load_address>0x2001f1e0</load_address>
         <run_address>0x2001f1e0</run_address>
         <size>0x4</size>
         <input_file_ref idref="fl-dd"/>
      </object_component>
      <object_component id="oc-141">
         <name>.bss</name>
         <uninitialized>true</uninitialized>
         <run_address>0x2001f100</run_address>
         <size>0x8</size>
         <input_file_ref idref="fl-4"/>
      </object_component>
      <object_component id="oc-93">
         <name>.bss</name>
         <uninitialized>true</uninitialized>
         <run_address>0x2001f0f0</run_address>
         <size>0x10</size>
         <input_file_ref idref="fl-7"/>
      </object_component>
      <object_component id="oc-2ce">
         <name>.bss</name>
         <uninitialized>true</uninitialized>
         <run_address>0x2001f108</run_address>
         <size>0x4</size>
         <input_file_ref idref="fl-a"/>
      </object_component>
      <object_component id="oc-127">
         <name>.common:count</name>
         <uninitialized>true</uninitialized>
         <run_address>0x2001f114</run_address>
         <size>0x4</size>
      </object_component>
      <object_component id="oc-124">
         <name>.common:value</name>
         <uninitialized>true</uninitialized>
         <run_address>0x2001f138</run_address>
         <size>0x4</size>
      </object_component>
      <object_component id="oc-123">
         <name>.common:lastValue</name>
         <uninitialized>true</uninitialized>
         <run_address>0x2001f12c</run_address>
         <size>0x4</size>
      </object_component>
      <object_component id="oc-125">
         <name>.common:diff</name>
         <uninitialized>true</uninitialized>
         <run_address>0x2001f118</run_address>
         <size>0x4</size>
      </object_component>
      <object_component id="oc-144">
         <name>.common:nextFlag</name>
         <uninitialized>true</uninitialized>
         <run_address>0x2001f146</run_address>
         <size>0x1</size>
      </object_component>
      <object_component id="oc-153">
         <name>.common:confirmFlag</name>
         <uninitialized>true</uninitialized>
         <run_address>0x2001f144</run_address>
         <size>0x1</size>
      </object_component>
      <object_component id="oc-1d4">
         <name>.common:isNew</name>
         <uninitialized>true</uninitialized>
         <run_address>0x2001f145</run_address>
         <size>0x1</size>
      </object_component>
      <object_component id="oc-13a">
         <name>.common:cmp</name>
         <uninitialized>true</uninitialized>
         <run_address>0x2001f03c</run_address>
         <size>0x3c</size>
      </object_component>
      <object_component id="oc-146">
         <name>.common:cmpCheck</name>
         <uninitialized>true</uninitialized>
         <run_address>0x2001f078</run_address>
         <size>0x3c</size>
      </object_component>
      <object_component id="oc-1d7">
         <name>.common:ifRepeat</name>
         <uninitialized>true</uninitialized>
         <run_address>0x2001f0b4</run_address>
         <size>0x3c</size>
      </object_component>
      <object_component id="oc-157">
         <name>.common:buf</name>
         <uninitialized>true</uninitialized>
         <run_address>0x2001f000</run_address>
         <size>0x3c</size>
      </object_component>
      <object_component id="oc-18e">
         <name>.common:i</name>
         <uninitialized>true</uninitialized>
         <run_address>0x2001f120</run_address>
         <size>0x4</size>
      </object_component>
      <object_component id="oc-145">
         <name>.common:j</name>
         <uninitialized>true</uninitialized>
         <run_address>0x2001f124</run_address>
         <size>0x4</size>
      </object_component>
      <object_component id="oc-126">
         <name>.common:k</name>
         <uninitialized>true</uninitialized>
         <run_address>0x2001f128</run_address>
         <size>0x4</size>
      </object_component>
      <object_component id="oc-155">
         <name>.common:x</name>
         <uninitialized>true</uninitialized>
         <run_address>0x2001f13c</run_address>
         <size>0x4</size>
      </object_component>
      <object_component id="oc-156">
         <name>.common:y</name>
         <uninitialized>true</uninitialized>
         <run_address>0x2001f140</run_address>
         <size>0x4</size>
      </object_component>
      <object_component id="oc-1d5">
         <name>.common:Rx</name>
         <uninitialized>true</uninitialized>
         <run_address>0x2001f10c</run_address>
         <size>0x4</size>
      </object_component>
      <object_component id="oc-1d6">
         <name>.common:Ry</name>
         <uninitialized>true</uninitialized>
         <run_address>0x2001f110</run_address>
         <size>0x4</size>
      </object_component>
      <object_component id="oc-154">
         <name>.common:m</name>
         <uninitialized>true</uninitialized>
         <run_address>0x2001f130</run_address>
         <size>0x4</size>
      </object_component>
      <object_component id="oc-108">
         <name>.common:maxLength</name>
         <uninitialized>true</uninitialized>
         <run_address>0x2001f134</run_address>
         <size>0x4</size>
      </object_component>
      <object_component id="oc-96">
         <name>.common:g_ulClockRate</name>
         <uninitialized>true</uninitialized>
         <run_address>0x2001f11c</run_address>
         <size>0x4</size>
      </object_component>
      <object_component id="oc-20">
         <name>.sysmem</name>
         <uninitialized>true</uninitialized>
         <run_address>0x20017000</run_address>
         <size>0x8</size>
         <input_file_ref idref="fl-c9"/>
      </object_component>
      <object_component id="oc-5a3">
         <name>.sysmem</name>
         <uninitialized>true</uninitialized>
         <run_address>0x20017000</run_address>
         <size>0x0</size>
      </object_component>
      <object_component id="oc-23">
         <name>.stack</name>
         <uninitialized>true</uninitialized>
         <run_address>0x2002f000</run_address>
         <size>0x4</size>
         <input_file_ref idref="fl-d0"/>
      </object_component>
      <object_component id="oc-5a2">
         <name>.stack</name>
         <uninitialized>true</uninitialized>
         <run_address>0x2002f000</run_address>
         <size>0x0</size>
      </object_component>
      <object_component id="oc-286">
         <name>.debug_info</name>
         <load_address>0x0</load_address>
         <run_address>0x0</run_address>
         <size>0x345</size>
         <input_file_ref idref="fl-2"/>
      </object_component>
      <object_component id="oc-280">
         <name>.debug_info</name>
         <load_address>0x345</load_address>
         <run_address>0x345</run_address>
         <size>0xc9</size>
         <input_file_ref idref="fl-2"/>
      </object_component>
      <object_component id="oc-283">
         <name>.debug_info</name>
         <load_address>0x40e</load_address>
         <run_address>0x40e</run_address>
         <size>0x177</size>
         <input_file_ref idref="fl-2"/>
      </object_component>
      <object_component id="oc-118">
         <name>.debug_info</name>
         <load_address>0x585</load_address>
         <run_address>0x585</run_address>
         <size>0x1535</size>
         <input_file_ref idref="fl-2"/>
      </object_component>
      <object_component id="oc-3b">
         <name>.debug_info</name>
         <load_address>0x1aba</load_address>
         <run_address>0x1aba</run_address>
         <size>0x84</size>
         <input_file_ref idref="fl-2"/>
      </object_component>
      <object_component id="oc-2a6">
         <name>.debug_info</name>
         <load_address>0x1b3e</load_address>
         <run_address>0x1b3e</run_address>
         <size>0x35a</size>
         <input_file_ref idref="fl-3"/>
      </object_component>
      <object_component id="oc-120">
         <name>.debug_info</name>
         <load_address>0x1e98</load_address>
         <run_address>0x1e98</run_address>
         <size>0xe55</size>
         <input_file_ref idref="fl-3"/>
      </object_component>
      <object_component id="oc-435">
         <name>.debug_info</name>
         <load_address>0x2ced</load_address>
         <run_address>0x2ced</run_address>
         <size>0x62</size>
         <input_file_ref idref="fl-3"/>
      </object_component>
      <object_component id="oc-9a">
         <name>.debug_info</name>
         <load_address>0x2d4f</load_address>
         <run_address>0x2d4f</run_address>
         <size>0x2c</size>
         <input_file_ref idref="fl-3"/>
      </object_component>
      <object_component id="oc-f6">
         <name>.debug_info</name>
         <load_address>0x2d7b</load_address>
         <run_address>0x2d7b</run_address>
         <size>0x2c</size>
         <input_file_ref idref="fl-3"/>
      </object_component>
      <object_component id="oc-109">
         <name>.debug_info</name>
         <load_address>0x2da7</load_address>
         <run_address>0x2da7</run_address>
         <size>0xc3c</size>
         <input_file_ref idref="fl-4"/>
      </object_component>
      <object_component id="oc-142">
         <name>.debug_info</name>
         <load_address>0x39e3</load_address>
         <run_address>0x39e3</run_address>
         <size>0xeb</size>
         <input_file_ref idref="fl-4"/>
      </object_component>
      <object_component id="oc-106">
         <name>.debug_info</name>
         <load_address>0x3ace</load_address>
         <run_address>0x3ace</run_address>
         <size>0x211</size>
         <input_file_ref idref="fl-4"/>
      </object_component>
      <object_component id="oc-190">
         <name>.debug_info</name>
         <load_address>0x3cdf</load_address>
         <run_address>0x3cdf</run_address>
         <size>0xcc</size>
         <input_file_ref idref="fl-4"/>
      </object_component>
      <object_component id="oc-c4">
         <name>.debug_info</name>
         <load_address>0x3dab</load_address>
         <run_address>0x3dab</run_address>
         <size>0x9a8</size>
         <input_file_ref idref="fl-4"/>
      </object_component>
      <object_component id="oc-ea">
         <name>.debug_info</name>
         <load_address>0x4753</load_address>
         <run_address>0x4753</run_address>
         <size>0x26b</size>
         <input_file_ref idref="fl-4"/>
      </object_component>
      <object_component id="oc-217">
         <name>.debug_info</name>
         <load_address>0x49be</load_address>
         <run_address>0x49be</run_address>
         <size>0x297</size>
         <input_file_ref idref="fl-4"/>
      </object_component>
      <object_component id="oc-223">
         <name>.debug_info</name>
         <load_address>0x4c55</load_address>
         <run_address>0x4c55</run_address>
         <size>0xcc</size>
         <input_file_ref idref="fl-4"/>
      </object_component>
      <object_component id="oc-2d3">
         <name>.debug_info</name>
         <load_address>0x4d21</load_address>
         <run_address>0x4d21</run_address>
         <size>0x2c</size>
         <input_file_ref idref="fl-4"/>
      </object_component>
      <object_component id="oc-196">
         <name>.debug_info</name>
         <load_address>0x4d4d</load_address>
         <run_address>0x4d4d</run_address>
         <size>0x3dd</size>
         <input_file_ref idref="fl-5"/>
      </object_component>
      <object_component id="oc-34">
         <name>.debug_info</name>
         <load_address>0x512a</load_address>
         <run_address>0x512a</run_address>
         <size>0x2ac</size>
         <input_file_ref idref="fl-6"/>
      </object_component>
      <object_component id="oc-10">
         <name>.debug_info</name>
         <load_address>0x53d6</load_address>
         <run_address>0x53d6</run_address>
         <size>0xd9</size>
         <input_file_ref idref="fl-6"/>
      </object_component>
      <object_component id="oc-28">
         <name>.debug_info</name>
         <load_address>0x54af</load_address>
         <run_address>0x54af</run_address>
         <size>0x23a</size>
         <input_file_ref idref="fl-6"/>
      </object_component>
      <object_component id="oc-97">
         <name>.debug_info</name>
         <load_address>0x56e9</load_address>
         <run_address>0x56e9</run_address>
         <size>0x393</size>
         <input_file_ref idref="fl-7"/>
      </object_component>
      <object_component id="oc-91">
         <name>.debug_info</name>
         <load_address>0x5a7c</load_address>
         <run_address>0x5a7c</run_address>
         <size>0x135</size>
         <input_file_ref idref="fl-7"/>
      </object_component>
      <object_component id="oc-94">
         <name>.debug_info</name>
         <load_address>0x5bb1</load_address>
         <run_address>0x5bb1</run_address>
         <size>0x141</size>
         <input_file_ref idref="fl-7"/>
      </object_component>
      <object_component id="oc-2f">
         <name>.debug_info</name>
         <load_address>0x5cf2</load_address>
         <run_address>0x5cf2</run_address>
         <size>0x653</size>
         <input_file_ref idref="fl-7"/>
      </object_component>
      <object_component id="oc-27e">
         <name>.debug_info</name>
         <load_address>0x6345</load_address>
         <run_address>0x6345</run_address>
         <size>0x5a7</size>
         <input_file_ref idref="fl-9"/>
      </object_component>
      <object_component id="oc-114">
         <name>.debug_info</name>
         <load_address>0x68ec</load_address>
         <run_address>0x68ec</run_address>
         <size>0xd53</size>
         <input_file_ref idref="fl-9"/>
      </object_component>
      <object_component id="oc-2d2">
         <name>.debug_info</name>
         <load_address>0x763f</load_address>
         <run_address>0x763f</run_address>
         <size>0x4fa</size>
         <input_file_ref idref="fl-a"/>
      </object_component>
      <object_component id="oc-2cf">
         <name>.debug_info</name>
         <load_address>0x7b39</load_address>
         <run_address>0x7b39</run_address>
         <size>0xfd</size>
         <input_file_ref idref="fl-a"/>
      </object_component>
      <object_component id="oc-135">
         <name>.debug_info</name>
         <load_address>0x7c36</load_address>
         <run_address>0x7c36</run_address>
         <size>0x8d9</size>
         <input_file_ref idref="fl-a"/>
      </object_component>
      <object_component id="oc-2d8">
         <name>.debug_info</name>
         <load_address>0x850f</load_address>
         <run_address>0x850f</run_address>
         <size>0x110</size>
         <input_file_ref idref="fl-a"/>
      </object_component>
      <object_component id="oc-b7">
         <name>.debug_info</name>
         <load_address>0x861f</load_address>
         <run_address>0x861f</run_address>
         <size>0x13f</size>
         <input_file_ref idref="fl-c5"/>
      </object_component>
      <object_component id="oc-b5">
         <name>.debug_info</name>
         <load_address>0x875e</load_address>
         <run_address>0x875e</run_address>
         <size>0x313</size>
         <input_file_ref idref="fl-c6"/>
      </object_component>
      <object_component id="oc-4f">
         <name>.debug_info</name>
         <load_address>0x8a71</load_address>
         <run_address>0x8a71</run_address>
         <size>0x1b4</size>
         <input_file_ref idref="fl-c6"/>
      </object_component>
      <object_component id="oc-b0">
         <name>.debug_info</name>
         <load_address>0x8c25</load_address>
         <run_address>0x8c25</run_address>
         <size>0x46</size>
         <input_file_ref idref="fl-c6"/>
      </object_component>
      <object_component id="oc-4b">
         <name>.debug_info</name>
         <load_address>0x8c6b</load_address>
         <run_address>0x8c6b</run_address>
         <size>0x29d</size>
         <input_file_ref idref="fl-c7"/>
      </object_component>
      <object_component id="oc-19">
         <name>.debug_info</name>
         <load_address>0x8f08</load_address>
         <run_address>0x8f08</run_address>
         <size>0x1df</size>
         <input_file_ref idref="fl-c7"/>
      </object_component>
      <object_component id="oc-46">
         <name>.debug_info</name>
         <load_address>0x90e7</load_address>
         <run_address>0x90e7</run_address>
         <size>0x46</size>
         <input_file_ref idref="fl-c7"/>
      </object_component>
      <object_component id="oc-a8">
         <name>.debug_info</name>
         <load_address>0x912d</load_address>
         <run_address>0x912d</run_address>
         <size>0x2c</size>
         <input_file_ref idref="fl-c7"/>
      </object_component>
      <object_component id="oc-a6">
         <name>.debug_info</name>
         <load_address>0x9159</load_address>
         <run_address>0x9159</run_address>
         <size>0x293</size>
         <input_file_ref idref="fl-c8"/>
      </object_component>
      <object_component id="oc-14">
         <name>.debug_info</name>
         <load_address>0x93ec</load_address>
         <run_address>0x93ec</run_address>
         <size>0x245</size>
         <input_file_ref idref="fl-c8"/>
      </object_component>
      <object_component id="oc-36">
         <name>.debug_info</name>
         <load_address>0x9631</load_address>
         <run_address>0x9631</run_address>
         <size>0x60</size>
         <input_file_ref idref="fl-c8"/>
      </object_component>
      <object_component id="oc-ef">
         <name>.debug_info</name>
         <load_address>0x9691</load_address>
         <run_address>0x9691</run_address>
         <size>0x46</size>
         <input_file_ref idref="fl-c8"/>
      </object_component>
      <object_component id="oc-a1">
         <name>.debug_info</name>
         <load_address>0x96d7</load_address>
         <run_address>0x96d7</run_address>
         <size>0x39</size>
         <input_file_ref idref="fl-c8"/>
      </object_component>
      <object_component id="oc-72">
         <name>.debug_info</name>
         <load_address>0x9710</load_address>
         <run_address>0x9710</run_address>
         <size>0x3bb</size>
         <input_file_ref idref="fl-c9"/>
      </object_component>
      <object_component id="oc-21">
         <name>.debug_info</name>
         <load_address>0x9acb</load_address>
         <run_address>0x9acb</run_address>
         <size>0x101</size>
         <input_file_ref idref="fl-c9"/>
      </object_component>
      <object_component id="oc-3e2">
         <name>.debug_info</name>
         <load_address>0x9bcc</load_address>
         <run_address>0x9bcc</run_address>
         <size>0x14c</size>
         <input_file_ref idref="fl-c9"/>
      </object_component>
      <object_component id="oc-3d2">
         <name>.debug_info</name>
         <load_address>0x9d18</load_address>
         <run_address>0x9d18</run_address>
         <size>0x139</size>
         <input_file_ref idref="fl-c9"/>
      </object_component>
      <object_component id="oc-3d8">
         <name>.debug_info</name>
         <load_address>0x9e51</load_address>
         <run_address>0x9e51</run_address>
         <size>0x174</size>
         <input_file_ref idref="fl-c9"/>
      </object_component>
      <object_component id="oc-3de">
         <name>.debug_info</name>
         <load_address>0x9fc5</load_address>
         <run_address>0x9fc5</run_address>
         <size>0x172</size>
         <input_file_ref idref="fl-c9"/>
      </object_component>
      <object_component id="oc-2bf">
         <name>.debug_info</name>
         <load_address>0xa137</load_address>
         <run_address>0xa137</run_address>
         <size>0x1db</size>
         <input_file_ref idref="fl-c9"/>
      </object_component>
      <object_component id="oc-2cb">
         <name>.debug_info</name>
         <load_address>0xa312</load_address>
         <run_address>0xa312</run_address>
         <size>0x1e6</size>
         <input_file_ref idref="fl-c9"/>
      </object_component>
      <object_component id="oc-2c5">
         <name>.debug_info</name>
         <load_address>0xa4f8</load_address>
         <run_address>0xa4f8</run_address>
         <size>0x27e</size>
         <input_file_ref idref="fl-c9"/>
      </object_component>
      <object_component id="oc-d6">
         <name>.debug_info</name>
         <load_address>0xa776</load_address>
         <run_address>0xa776</run_address>
         <size>0x2c</size>
         <input_file_ref idref="fl-c9"/>
      </object_component>
      <object_component id="oc-db">
         <name>.debug_info</name>
         <load_address>0xa7a2</load_address>
         <run_address>0xa7a2</run_address>
         <size>0x62</size>
         <input_file_ref idref="fl-c9"/>
      </object_component>
      <object_component id="oc-41a">
         <name>.debug_info</name>
         <load_address>0xa804</load_address>
         <run_address>0xa804</run_address>
         <size>0x2be</size>
         <input_file_ref idref="fl-ca"/>
      </object_component>
      <object_component id="oc-35d">
         <name>.debug_info</name>
         <load_address>0xaac2</load_address>
         <run_address>0xaac2</run_address>
         <size>0x113</size>
         <input_file_ref idref="fl-ca"/>
      </object_component>
      <object_component id="oc-413">
         <name>.debug_info</name>
         <load_address>0xabd5</load_address>
         <run_address>0xabd5</run_address>
         <size>0x123</size>
         <input_file_ref idref="fl-ca"/>
      </object_component>
      <object_component id="oc-3ce">
         <name>.debug_info</name>
         <load_address>0xacf8</load_address>
         <run_address>0xacf8</run_address>
         <size>0x29a</size>
         <input_file_ref idref="fl-cb"/>
      </object_component>
      <object_component id="oc-2ba">
         <name>.debug_info</name>
         <load_address>0xaf92</load_address>
         <run_address>0xaf92</run_address>
         <size>0x1ab</size>
         <input_file_ref idref="fl-cb"/>
      </object_component>
      <object_component id="oc-21d">
         <name>.debug_info</name>
         <load_address>0xb13d</load_address>
         <run_address>0xb13d</run_address>
         <size>0x27f</size>
         <input_file_ref idref="fl-cc"/>
      </object_component>
      <object_component id="oc-102">
         <name>.debug_info</name>
         <load_address>0xb3bc</load_address>
         <run_address>0xb3bc</run_address>
         <size>0x258</size>
         <input_file_ref idref="fl-cc"/>
      </object_component>
      <object_component id="oc-2de">
         <name>.debug_info</name>
         <load_address>0xb614</load_address>
         <run_address>0xb614</run_address>
         <size>0x299</size>
         <input_file_ref idref="fl-cd"/>
      </object_component>
      <object_component id="oc-13c">
         <name>.debug_info</name>
         <load_address>0xb8ad</load_address>
         <run_address>0xb8ad</run_address>
         <size>0x231</size>
         <input_file_ref idref="fl-cd"/>
      </object_component>
      <object_component id="oc-2a9">
         <name>.debug_info</name>
         <load_address>0xbade</load_address>
         <run_address>0xbade</run_address>
         <size>0x284</size>
         <input_file_ref idref="fl-ce"/>
      </object_component>
      <object_component id="oc-12f">
         <name>.debug_info</name>
         <load_address>0xbd62</load_address>
         <run_address>0xbd62</run_address>
         <size>0x22a</size>
         <input_file_ref idref="fl-ce"/>
      </object_component>
      <object_component id="oc-3c1">
         <name>.debug_info</name>
         <load_address>0xbf8c</load_address>
         <run_address>0xbf8c</run_address>
         <size>0x335</size>
         <input_file_ref idref="fl-cf"/>
      </object_component>
      <object_component id="oc-2ab">
         <name>.debug_info</name>
         <load_address>0xc2c1</load_address>
         <run_address>0xc2c1</run_address>
         <size>0x1fd</size>
         <input_file_ref idref="fl-cf"/>
      </object_component>
      <object_component id="oc-3b5">
         <name>.debug_info</name>
         <load_address>0xc4be</load_address>
         <run_address>0xc4be</run_address>
         <size>0x1bb</size>
         <input_file_ref idref="fl-cf"/>
      </object_component>
      <object_component id="oc-3bb">
         <name>.debug_info</name>
         <load_address>0xc679</load_address>
         <run_address>0xc679</run_address>
         <size>0x16e</size>
         <input_file_ref idref="fl-cf"/>
      </object_component>
      <object_component id="oc-3c2">
         <name>.debug_info</name>
         <load_address>0xc7e7</load_address>
         <run_address>0xc7e7</run_address>
         <size>0x2c</size>
         <input_file_ref idref="fl-cf"/>
      </object_component>
      <object_component id="oc-3c7">
         <name>.debug_info</name>
         <load_address>0xc813</load_address>
         <run_address>0xc813</run_address>
         <size>0x69</size>
         <input_file_ref idref="fl-cf"/>
      </object_component>
      <object_component id="oc-24">
         <name>.debug_info</name>
         <load_address>0xc87c</load_address>
         <run_address>0xc87c</run_address>
         <size>0x100</size>
[...]
      <symbol id="sm-33d">
         <name>__TI_decompress_none</name>
         <value>0x200094cd</value>
         <object_component_ref idref="oc-18"/>
      </symbol>
      <symbol id="sm-360">
         <name>__TI_decompress_lzss</name>
         <value>0x20008855</value>
         <object_component_ref idref="oc-12"/>
      </symbol>
      <symbol id="sm-3f6">
         <name>_sys_memory</name>
         <value>0x20017000</value>
         <object_component_ref idref="oc-20"/>
      </symbol>
      <symbol id="sm-3f7">
         <name>free</name>
         <value>0x20007e49</value>
         <object_component_ref idref="oc-2c8"/>
      </symbol>
      <symbol id="sm-3f8">
         <name>realloc</name>
         <value>0x20007b29</value>
         <object_component_ref idref="oc-2c2"/>
      </symbol>
      <symbol id="sm-3f9">
         <name>malloc</name>
         <value>0x2000861d</value>
         <object_component_ref idref="oc-2bc"/>
      </symbol>
      <symbol id="sm-3fa">
         <name>minit</name>
         <value>0x20008de5</value>
         <object_component_ref idref="oc-3cf"/>
      </symbol>
      <symbol id="sm-40f">
         <name>_nop</name>
         <value>0x20006843</value>
         <object_component_ref idref="oc-412"/>
      </symbol>
      <symbol id="sm-410">
         <name>_lock</name>
         <value>0x2001f1d8</value>
         <object_component_ref idref="oc-35c"/>
      </symbol>
      <symbol id="sm-411">
         <name>_unlock</name>
         <value>0x2001f1dc</value>
         <object_component_ref idref="oc-35c"/>
      </symbol>
      <symbol id="sm-421">
         <name>memmove</name>
         <value>0x20009055</value>
         <object_component_ref idref="oc-2b6"/>
      </symbol>
      <symbol id="sm-430">
         <name>strcmp</name>
         <value>0x2000937d</value>
         <object_component_ref idref="oc-ff"/>
      </symbol>
      <symbol id="sm-43e">
         <name>strcpy</name>
         <value>0x2000943d</value>
         <object_component_ref idref="oc-13b"/>
      </symbol>
      <symbol id="sm-44c">
         <name>strlen</name>
         <value>0x20009451</value>
         <object_component_ref idref="oc-12e"/>
      </symbol>
      <symbol id="sm-47b">
         <name>vsnprintf</name>
         <value>0x20008cb5</value>
         <object_component_ref idref="oc-2aa"/>
      </symbol>
      <symbol id="sm-48e">
         <name>__stack</name>
         <value>0x2002f000</value>
         <object_component_ref idref="oc-23"/>
      </symbol>
      <symbol id="sm-48f">
         <name>_c_int00_noargs</name>
         <value>0x20008dad</value>
         <object_component_ref idref="oc-5e"/>
      </symbol>
      <symbol id="sm-4aa">
         <name>memcpy</name>
         <value>0x200081c5</value>
         <object_component_ref idref="oc-40"/>
      </symbol>
      <symbol id="sm-4ab">
         <name>__aeabi_memcpy</name>
         <value>0x200081c5</value>
         <object_component_ref idref="oc-40"/>
      </symbol>
      <symbol id="sm-4ac">
         <name>__aeabi_memcpy8</name>
         <value>0x200081c5</value>
         <object_component_ref idref="oc-40"/>
      </symbol>
      <symbol id="sm-4ad">
         <name>__aeabi_memcpy4</name>
         <value>0x200081c5</value>
         <object_component_ref idref="oc-40"/>
      </symbol>
      <symbol id="sm-4d5">
         <name>__TI_auto_init_nobinit_nopinit</name>
         <value>0x20008c31</value>
         <object_component_ref idref="oc-1e5"/>
      </symbol>
      <symbol id="sm-4df">
         <name>_system_pre_init</name>
         <value>0x20009515</value>
         <object_component_ref idref="oc-bc"/>
      </symbol>
      <symbol id="sm-4eb">
         <name>C$$EXIT</name>
         <value>0x20009519</value>
         <object_component_ref idref="oc-1d9"/>
      </symbol>
      <symbol id="sm-4ec">
         <name>abort</name>
         <value>0x20009519</value>
         <object_component_ref idref="oc-1d9"/>
      </symbol>
      <symbol id="sm-651">
         <name>__TI_printfi</name>
         <value>0x2000593d</value>
         <object_component_ref idref="oc-3ae"/>
      </symbol>
      <symbol id="sm-668">
         <name>atoi</name>
         <value>0x20008acd</value>
         <object_component_ref idref="oc-448"/>
      </symbol>
      <symbol id="sm-673">
         <name>_ctypes_</name>
         <value>0x20009c86</value>
         <object_component_ref idref="oc-4b2"/>
      </symbol>
      <symbol id="sm-682">
         <name>ltoa</name>
         <value>0x20008a25</value>
         <object_component_ref idref="oc-4d2"/>
      </symbol>
      <symbol id="sm-692">
         <name>memccpy</name>
         <value>0x20009209</value>
         <object_component_ref idref="oc-471"/>
      </symbol>
      <symbol id="sm-6a2">
         <name>strchr</name>
         <value>0x200093d7</value>
         <object_component_ref idref="oc-509"/>
      </symbol>
      <symbol id="sm-6b8">
         <name>__aeabi_errno_addr</name>
         <value>0x20009501</value>
         <object_component_ref idref="oc-47d"/>
      </symbol>
      <symbol id="sm-6b9">
         <name>errno</name>
         <value>0x2001f1e0</value>
         <object_component_ref idref="oc-519"/>
      </symbol>
      <symbol id="sm-6d9">
         <name>frexpl</name>
         <value>0x200088bd</value>
         <object_component_ref idref="oc-4fd"/>
      </symbol>
      <symbol id="sm-6da">
         <name>frexp</name>
         <value>0x200088bd</value>
         <object_component_ref idref="oc-4fd"/>
      </symbol>
      <symbol id="sm-6f7">
         <name>scalbn</name>
         <value>0x20007c3d</value>
         <object_component_ref idref="oc-503"/>
      </symbol>
      <symbol id="sm-6f8">
         <name>scalbnl</name>
         <value>0x20007c3d</value>
         <object_component_ref idref="oc-503"/>
      </symbol>
      <symbol id="sm-6f9">
         <name>ldexpl</name>
         <value>0x20007c3d</value>
         <object_component_ref idref="oc-503"/>
      </symbol>
      <symbol id="sm-6fa">
         <name>ldexp</name>
         <value>0x20007c3d</value>
         <object_component_ref idref="oc-503"/>
      </symbol>
      <symbol id="sm-713">
         <name>wcslen</name>
         <value>0x2000949b</value>
         <object_component_ref idref="oc-477"/>
      </symbol>
      <symbol id="sm-71d">
         <name>copysign</name>
         <value>0x20009429</value>
         <object_component_ref idref="oc-54a"/>
      </symbol>
      <symbol id="sm-71e">
         <name>copysignl</name>
         <value>0x20009429</value>
         <object_component_ref idref="oc-54a"/>
      </symbol>
      <symbol id="sm-72b">
         <name>__aeabi_uldivmod</name>
         <value>0x20008261</value>
         <object_component_ref idref="oc-4b7"/>
      </symbol>
      <symbol id="sm-742">
         <name>__aeabi_dsub</name>
         <value>0x20007185</value>
         <object_component_ref idref="oc-4dd"/>
      </symbol>
      <symbol id="sm-743">
         <name>__aeabi_dadd</name>
         <value>0x2000718f</value>
         <object_component_ref idref="oc-4dd"/>
      </symbol>
      <symbol id="sm-765">
         <name>__aeabi_cdcmpeq</name>
         <value>0x20008415</value>
         <object_component_ref idref="oc-454"/>
      </symbol>
      <symbol id="sm-766">
         <name>__aeabi_cdcmple</name>
         <value>0x20008415</value>
         <object_component_ref idref="oc-454"/>
      </symbol>
      <symbol id="sm-767">
         <name>__aeabi_cdrcmple</name>
         <value>0x2000849b</value>
         <object_component_ref idref="oc-4c8"/>
      </symbol>
      <symbol id="sm-77b">
         <name>__aeabi_ddiv</name>
         <value>0x200078d1</value>
         <object_component_ref idref="oc-4c3"/>
      </symbol>
      <symbol id="sm-786">
         <name>__aeabi_dmul</name>
         <value>0x20007d4d</value>
         <object_component_ref idref="oc-4be"/>
      </symbol>
      <symbol id="sm-790">
         <name>__aeabi_d2iz</name>
         <value>0x20008b61</value>
         <object_component_ref idref="oc-4cd"/>
      </symbol>
      <symbol id="sm-79a">
         <name>__aeabi_i2d</name>
         <value>0x20008ee5</value>
         <object_component_ref idref="oc-4d8"/>
      </symbol>
      <symbol id="sm-7a4">
         <name>__aeabi_idiv0</name>
         <value>0x2000733b</value>
         <object_component_ref idref="oc-531"/>
      </symbol>
      <symbol id="sm-7a5">
         <name>__aeabi_ldiv0</name>
         <value>0x2000733b</value>
         <object_component_ref idref="oc-531"/>
      </symbol>
      <symbol id="sm-7fd">
         <name>GPIOIntRegister</name>
         <value>0x2000911d</value>
         <object_component_ref idref="oc-1b0"/>
      </symbol>
      <symbol id="sm-7fe">
         <name>GPIOIntEnable</name>
         <value>0x20009225</value>
         <object_component_ref idref="oc-1bc"/>
      </symbol>
      <symbol id="sm-7ff">
         <name>GPIOIntTypeSet</name>
         <value>0x20008521</value>
         <object_component_ref idref="oc-1b6"/>
      </symbol>
      <symbol id="sm-800">
         <name>GPIOIntClear</name>
         <value>0x20009401</value>
         <object_component_ref idref="oc-14d"/>
      </symbol>
      <symbol id="sm-801">
         <name>GPIOIntStatus</name>
         <value>0x20009079</value>
         <object_component_ref idref="oc-147"/>
      </symbol>
      <symbol id="sm-802">
         <name>GPIODirModeSet</name>
         <value>0x20008e1d</value>
         <object_component_ref idref="oc-31b"/>
      </symbol>
      <symbol id="sm-803">
         <name>GPIOPinWrite</name>
         <value>0x200090bd</value>
         <object_component_ref idref="oc-28d"/>
      </symbol>
      <symbol id="sm-87b">
         <name>IntPrioritySet</name>
         <value>0x200089d1</value>
         <object_component_ref idref="oc-241"/>
      </symbol>
      <symbol id="sm-87c">
         <name>IntVTableBaseSet</name>
         <value>0x20009415</value>
         <object_component_ref idref="oc-176"/>
      </symbol>
      <symbol id="sm-87d">
         <name>IntEnable</name>
         <value>0x2000807d</value>
         <object_component_ref idref="oc-182"/>
      </symbol>
      <symbol id="sm-87e">
         <name>IntDisable</name>
         <value>0x20007fd5</value>
         <object_component_ref idref="oc-38e"/>
      </symbol>
      <symbol id="sm-87f">
         <name>IntRegister</name>
         <value>0x200090dd</value>
         <object_component_ref idref="oc-334"/>
      </symbol>
      <symbol id="sm-880">
         <name>IntUnregister</name>
         <value>0x2000900d</value>
         <object_component_ref idref="oc-394"/>
      </symbol>
      <symbol id="sm-881">
         <name>IntMasterEnable</name>
         <value>0x200094f5</value>
         <object_component_ref idref="oc-17c"/>
      </symbol>
      <symbol id="sm-8c0">
         <name>PinTypeUART</name>
         <value>0x20009259</value>
         <object_component_ref idref="oc-327"/>
      </symbol>
      <symbol id="sm-8c1">
         <name>PinTypeGPIO</name>
         <value>0x20008e53</value>
         <object_component_ref idref="oc-315"/>
      </symbol>
      <symbol id="sm-8c2">
         <name>PinConfigSet</name>
         <value>0x2000838d</value>
         <object_component_ref idref="oc-3fa"/>
      </symbol>
      <symbol id="sm-8c3">
         <name>PinTypeSPI</name>
         <value>0x2000923f</value>
         <object_component_ref idref="oc-321"/>
      </symbol>
      <symbol id="sm-8c4">
         <name>PinModeSet</name>
         <value>0x20008c75</value>
         <object_component_ref idref="oc-30f"/>
      </symbol>
      <symbol id="sm-94a">
         <name>PRCMPeripheralReset</name>
         <value>0x20008921</value>
         <object_component_ref idref="oc-22f"/>
      </symbol>
      <symbol id="sm-94b">
         <name>PRCMPeripheralClkEnable</name>
         <value>0x20008d35</value>
         <object_component_ref idref="oc-229"/>
      </symbol>
      <symbol id="sm-94c">
         <name>PRCMPeripheralClockGet</name>
         <value>0x200082f9</value>
         <object_component_ref idref="oc-1a4"/>
      </symbol>
      <symbol id="sm-94d">
         <name>PRCMCC3200MCUInit</name>
         <value>0x200074d5</value>
         <object_component_ref idref="oc-188"/>
      </symbol>
      <symbol id="sm-94e">
         <name>PRCMHIBRegWrite</name>
         <value>0x200093ab</value>
         <object_component_ref idref="oc-300"/>
      </symbol>
      <symbol id="sm-94f">
         <name>PRCMSysResetCauseGet</name>
         <value>0x20008f15</value>
         <object_component_ref idref="oc-2f4"/>
      </symbol>
      <symbol id="sm-950">
         <name>PRCMPeripheralClkDisable</name>
         <value>0x20008f95</value>
         <object_component_ref idref="oc-306"/>
      </symbol>
      <symbol id="sm-951">
         <name>PRCMHIBRegRead</name>
         <value>0x20009395</value>
         <object_component_ref idref="oc-2fa"/>
      </symbol>
      <symbol id="sm-997">
         <name>SPICSEnable</name>
         <value>0x2000928b</value>
         <object_component_ref idref="oc-287"/>
      </symbol>
      <symbol id="sm-998">
         <name>SPIEnable</name>
         <value>0x200092a3</value>
         <object_component_ref idref="oc-1ce"/>
      </symbol>
      <symbol id="sm-999">
         <name>SPIDataGet</name>
         <value>0x200090fd</value>
         <object_component_ref idref="oc-299"/>
      </symbol>
      <symbol id="sm-99a">
         <name>SPIConfigSetExpClk</name>
         <value>0x20008125</value>
         <object_component_ref idref="oc-1c8"/>
      </symbol>
      <symbol id="sm-99b">
         <name>SPIReset</name>
         <value>0x2000909b</value>
         <object_component_ref idref="oc-1c2"/>
      </symbol>
      <symbol id="sm-99c">
         <name>SPIDataPutNonBlocking</name>
         <value>0x20008fbd</value>
         <object_component_ref idref="oc-293"/>
      </symbol>
      <symbol id="sm-99d">
         <name>SPICSDisable</name>
         <value>0x20009273</value>
         <object_component_ref idref="oc-29f"/>
      </symbol>
      <symbol id="sm-9c7">
         <name>SysTickEnable</name>
         <value>0x200094ad</value>
         <object_component_ref idref="oc-83"/>
      </symbol>
      <symbol id="sm-9c8">
         <name>SysTickIntEnable</name>
         <value>0x200094bd</value>
         <object_component_ref idref="oc-77"/>
      </symbol>
      <symbol id="sm-9c9">
         <name>SysTickValueGet</name>
         <value>0x200094e9</value>
         <object_component_ref idref="oc-89"/>
      </symbol>
      <symbol id="sm-9ca">
         <name>SysTickPeriodSet</name>
         <value>0x200092bd</value>
         <object_component_ref idref="oc-7d"/>
      </symbol>
      <symbol id="sm-a4e">
         <name>TimerLoadSet</name>
         <value>0x20008f41</value>
         <object_component_ref idref="oc-25f"/>
      </symbol>
      <symbol id="sm-a4f">
         <name>TimerDisable</name>
         <value>0x2000913b</value>
         <object_component_ref idref="oc-265"/>
      </symbol>
      <symbol id="sm-a50">
         <name>TimerIntRegister</name>
         <value>0x2000870d</value>
         <object_component_ref idref="oc-247"/>
      </symbol>
      <symbol id="sm-a51">
         <name>TimerEnable</name>
         <value>0x20009159</value>
         <object_component_ref idref="oc-10b"/>
      </symbol>
      <symbol id="sm-a52">
         <name>TimerIntUnregister</name>
         <value>0x200087ed</value>
         <object_component_ref idref="oc-271"/>
      </symbol>
      <symbol id="sm-a53">
         <name>TimerIntStatus</name>
         <value>0x20009177</value>
         <object_component_ref idref="oc-253"/>
      </symbol>
      <symbol id="sm-a54">
         <name>TimerIntDisable</name>
         <value>0x200092d5</value>
         <object_component_ref idref="oc-26b"/>
      </symbol>
      <symbol id="sm-a55">
         <name>TimerValueGet</name>
         <value>0x200091d1</value>
         <object_component_ref idref="oc-277"/>
      </symbol>
      <symbol id="sm-a56">
         <name>TimerPrescaleSet</name>
         <value>0x20008f6b</value>
         <object_component_ref idref="oc-23b"/>
      </symbol>
      <symbol id="sm-a57">
         <name>TimerIntEnable</name>
         <value>0x200092ed</value>
         <object_component_ref idref="oc-24d"/>
      </symbol>
      <symbol id="sm-a58">
         <name>TimerConfigure</name>
         <value>0x20008ba9</value>
         <object_component_ref idref="oc-235"/>
      </symbol>
      <symbol id="sm-a59">
         <name>TimerIntClear</name>
         <value>0x20009465</value>
         <object_component_ref idref="oc-259"/>
      </symbol>
      <symbol id="sm-ae0">
         <name>UARTConfigSetExpClk</name>
         <value>0x20008695</value>
         <object_component_ref idref="oc-1aa"/>
      </symbol>
      <symbol id="sm-ae1">
         <name>UARTDisable</name>
         <value>0x20008e85</value>
         <object_component_ref idref="oc-33e"/>
      </symbol>
      <symbol id="sm-ae2">
         <name>UARTIntEnable</name>
         <value>0x2000934d</value>
         <object_component_ref idref="oc-170"/>
      </symbol>
      <symbol id="sm-ae3">
         <name>UARTCharsAvail</name>
         <value>0x20009305</value>
         <object_component_ref idref="oc-164"/>
      </symbol>
      <symbol id="sm-ae4">
         <name>UARTCharGetNonBlocking</name>
         <value>0x200091ed</value>
         <object_component_ref idref="oc-2b0"/>
      </symbol>
      <symbol id="sm-ae5">
         <name>UARTIntDisable</name>
         <value>0x20009335</value>
         <object_component_ref idref="oc-158"/>
      </symbol>
      <symbol id="sm-ae6">
         <name>UARTCharPut</name>
         <value>0x20009195</value>
         <object_component_ref idref="oc-128"/>
      </symbol>
      <symbol id="sm-ae7">
         <name>UARTEnable</name>
         <value>0x20009031</value>
         <object_component_ref idref="oc-344"/>
      </symbol>
      <symbol id="sm-ae8">
         <name>UARTIntClear</name>
         <value>0x20009477</value>
         <object_component_ref idref="oc-16a"/>
      </symbol>
      <symbol id="sm-ae9">
         <name>UARTCharGet</name>
         <value>0x200093c1</value>
         <object_component_ref idref="oc-15e"/>
      </symbol>
      <symbol id="sm-aea">
         <name>UARTFIFOLevelSet</name>
         <value>0x2000931d</value>
         <object_component_ref idref="oc-19e"/>
      </symbol>
      <symbol id="sm-aeb">
         <name>UARTIntRegister</name>
         <value>0x200091b3</value>
         <object_component_ref idref="oc-198"/>
      </symbol>
      <symbol id="sm-aef">
         <name>UtilsDelay</name>
         <value>0x2000950f</value>
         <object_component_ref idref="oc-3f2"/>
      </symbol>
      <symbol id="sm-af9">
         <name>CPUcpsie</name>
         <value>0x200093ed</value>
         <object_component_ref idref="oc-2e9"/>
      </symbol>
      <symbol id="sm-afb">
         <name>__TI_static_base__</name>
         <value>0x2000a098</value>
      </symbol>
      <symbol id="sm-afe">
         <name>__mpu_init</name>
         <value>0x0</value>
      </symbol>
      <symbol id="sm-aff">
         <name>_system_post_cinit</name>
         <value>0x0</value>
      </symbol>
   </symbol_table>
   <title>Link successful</title>
</link_info>
