******************************************************************************
                  TI ARM Linker PC v18.1.3                     
******************************************************************************
>> Linked Wed Feb  6 15:19:34 2019

OUTPUT FILE NAME:   <interrupt.out>
ENTRY POINT SYMBOL: "_c_int00_noargs"  address: 20008dad


MEMORY CONFIGURATION

         name            origin    length      used     unused   attr    fill
----------------------  --------  ---------  --------  --------  ----  --------
  SRAM_CODE             20004000   00013000  00006144  0000cebc  RW X
  SRAM_DATA             20017000   00019000  000091e3  0000fe1d  RW X


SEGMENT ALLOCATION MAP

run origin  load origin   length   init length attrs members
----------  ----------- ---------- ----------- ----- -------
20004000    20004000    00006148   00006148    r-x
  20004000    20004000    00000400   00000400    r-- .intvecs
  20004400    20004400    0000511c   0000511c    r-x .text
  2000951c    2000951c    00000b78   00000b78    r-- .const
  2000a098    2000a098    000000b0   000000b0    r-- .cinit
20017000    20017000    000081e4   00000000    rw-
  20017000    20017000    00008000   00000000    rw- .sysmem
  2001f000    2001f000    00000147   00000000    rw- .bss
  2001f148    2001f148    0000009c   00000000    rw- .data
2002f000    2002f000    00001000   00000000    rw-
  2002f000    2002f000    00001000   00000000    rw- .stack


SECTION ALLOCATION MAP

 output                                  attributes/
section   page    origin      length       input sections
--------  ----  ----------  ----------   ----------------
.intvecs   0    20004000    00000400     
                  20004000    00000400     startup_ccs.obj (.intvecs)

.init_array 
*          0    20004000    00000000     UNINITIALIZED

.text      0    20004400    0000511c     
                  20004400    00000abc     main.obj (.text)
                  20004ebc    00000a80     Adafruit_GFX.obj (.text)
                  2000593c    00000a5e     rtsv7M4_T_le_v4SPD16_eabi.lib : _printfi.c.obj (.text:__TI_printfi)
                  2000639a    00000002     driverlib.a : interrupt.obj (.text:IntDefaultHandler)
                  2000639c    000004a6     Adafruit_OLED.obj (.text)
                  20006842    00000002     rtsv7M4_T_le_v4SPD16_eabi.lib : _lock.c.obj (.text:_nop)
                  20006844    00000280     systick_if.obj (.text)
                  20006ac4    00000280     uart_if.obj (.text)
                  20006d44    00000270     rtsv7M4_T_le_v4SPD16_eabi.lib : _printfi.c.obj (.text:_pconv_a)
                  20006fb4    000001d0                                   : _printfi.c.obj (.text:_pconv_g)
                  20007184    000001b6                                   : fd_add_t2.asm.obj (.text)
                  2000733a    00000002                                   : div0.asm.obj (.text)
                  2000733c    00000198     timer_if.obj (.text)
                  200074d4    00000178     driverlib.a : prcm.obj (.text:PRCMCC3200MCUInit)
                  2000764c    00000148     pinmux.obj (.text)
                  20007794    0000013c     rtsv7M4_T_le_v4SPD16_eabi.lib : _printfi.c.obj (.text:_pconv_e)
                  200078d0    00000136                                   : fd_div_t2.asm.obj (.text)
                  20007a06    00000002     --HOLE-- [fill = 0]
                  20007a08    00000120                                   : _printfi.c.obj (.text:fcvt)
                  20007b28    00000114                                   : memory.c.obj (.text:realloc)
                  20007c3c    00000110                                   : s_scalbn.c.obj (.text:scalbn)
                  20007d4c    000000fc                                   : fd_mul_t2.asm.obj (.text)
                  20007e48    000000d8                                   : memory.c.obj (.text:free)
                  20007f20    000000b1                                   : _printfi.c.obj (.text:_ltostr)
                  20007fd1    00000003     --HOLE-- [fill = 0]
                  20007fd4    000000a8     driverlib.a : interrupt.obj (.text:IntDisable)
                  2000807c    000000a8                 : interrupt.obj (.text:IntEnable)
                  20008124    000000a0                 : spi.obj (.text:SPIConfigSetExpClk)
                  200081c4    0000009c     rtsv7M4_T_le_v4SPD16_eabi.lib : memcpy_t2.asm.obj (.text)
                  20008260    00000096                                   : ull_div_t2.asm.obj (.text)
                  200082f6    00000002     --HOLE-- [fill = 0]
                  200082f8    00000094     driverlib.a : prcm.obj (.text:PRCMPeripheralClockGet)
                  2000838c    00000088                 : pin.obj (.text:PinConfigSet)
                  20008414    00000086     rtsv7M4_T_le_v4SPD16_eabi.lib : fd_cmp_t2.asm.obj (.text:__aeabi_cdcmple)
                  2000849a    00000086                                   : fd_cmp_t2.asm.obj (.text:__aeabi_cdrcmple)
                  20008520    00000082     driverlib.a : gpio.obj (.text:GPIOIntTypeSet)
                  200085a2    0000007a     rtsv7M4_T_le_v4SPD16_eabi.lib : memset_t2.asm.obj (.text)
                  2000861c    00000078                                   : memory.c.obj (.text:malloc)
                  20008694    00000076     driverlib.a : uart.obj (.text:UARTConfigSetExpClk)
                  2000870a    00000002     --HOLE-- [fill = 0]
                  2000870c    00000070                 : timer.obj (.text:TimerIntRegister)
                  2000877c    0000006e     rtsv7M4_T_le_v4SPD16_eabi.lib : _printfi.c.obj (.text:_mcpy)
                  200087ea    00000002     --HOLE-- [fill = 0]
                  200087ec    00000068     driverlib.a : timer.obj (.text:TimerIntUnregister)
                  20008854    00000068     rtsv7M4_T_le_v4SPD16_eabi.lib : copy_decompress_lzss.c.obj (.text:decompress:lzss:__TI_decompress_lzss)
                  200088bc    00000064                                   : s_frexp.c.obj (.text:frexp)
                  20008920    00000058     driverlib.a : prcm.obj (.text:PRCMPeripheralReset)
                  20008978    00000056     rtsv7M4_T_le_v4SPD16_eabi.lib : _printfi.c.obj (.text:_pconv_f)
                  200089ce    00000002     --HOLE-- [fill = 0]
                  200089d0    00000054     driverlib.a : interrupt.obj (.text:IntPrioritySet)
                  20008a24    00000054     rtsv7M4_T_le_v4SPD16_eabi.lib : ltoa.c.obj (.text:ltoa)
                  20008a78    00000052                                   : _printfi.c.obj (.text:_ecpy)
                  20008aca    00000002     --HOLE-- [fill = 0]
                  20008acc    0000004c                                   : atoi.c.obj (.text:atoi)
                  20008b18    00000048     driverlib.a : gpio.obj (.text:GPIOGetIntNumber)
                  20008b60    00000048     rtsv7M4_T_le_v4SPD16_eabi.lib : fd_toi_t2.asm.obj (.text)
                  20008ba8    00000044     driverlib.a : timer.obj (.text:TimerConfigure)
                  20008bec    00000044                 : uart.obj (.text:UARTIntNumberGet)
                  20008c30    00000044     rtsv7M4_T_le_v4SPD16_eabi.lib : autoinit.c.obj (.text:__TI_auto_init_nobinit_nopinit:__TI_auto_init_nobinit_nopinit)
                  20008c74    00000040     driverlib.a : pin.obj (.text:PinModeSet)
                  20008cb4    00000040     rtsv7M4_T_le_v4SPD16_eabi.lib : vsnprintf.c.obj (.text:vsnprintf)
                  20008cf4    0000003e                                   : _printfi.c.obj (.text:_fcpy)
                  20008d32    00000002     --HOLE-- [fill = 0]
                  20008d34    0000003c     driverlib.a : prcm.obj (.text:PRCMPeripheralClkEnable)
                  20008d70    0000003c     rtsv7M4_T_le_v4SPD16_eabi.lib : memory.c.obj (.text:minsert)
                  20008dac    00000038                                   : boot_cortex_m.c.obj (.text:_c_int00_noargs:_c_int00_noargs)
                  20008de4    00000038                                   : memory.c.obj (.text:minit)
                  20008e1c    00000036     driverlib.a : gpio.obj (.text:GPIODirModeSet)
                  20008e52    00000030                 : pin.obj (.text:PinTypeGPIO)
                  20008e82    00000002     --HOLE-- [fill = 0]
                  20008e84    00000030                 : uart.obj (.text:UARTDisable)
                  20008eb4    00000030     rtsv7M4_T_le_v4SPD16_eabi.lib : vsnprintf.c.obj (.text:_outs)
                  20008ee4    0000002e                                   : i_tofd_t2.asm.obj (.text)
                  20008f12    00000002     --HOLE-- [fill = 0]
                  20008f14    0000002c     driverlib.a : prcm.obj (.text:PRCMSysResetCauseGet)
                  20008f40    0000002a                 : timer.obj (.text:TimerLoadSet)
                  20008f6a    0000002a                 : timer.obj (.text:TimerPrescaleSet)
                  20008f94    00000028                 : prcm.obj (.text:PRCMPeripheralClkDisable)
                  20008fbc    00000028                 : spi.obj (.text:SPIDataPutNonBlocking)
                  20008fe4    00000028     rtsv7M4_T_le_v4SPD16_eabi.lib : memory.c.obj (.text:mremove)
                  2000900c    00000024     driverlib.a : interrupt.obj (.text:IntUnregister)
                  20009030    00000024                 : uart.obj (.text:UARTEnable)
                  20009054    00000024     rtsv7M4_T_le_v4SPD16_eabi.lib : memmov.c.obj (.text:memmove)
                  20009078    00000022     driverlib.a : gpio.obj (.text:GPIOIntStatus)
                  2000909a    00000022                 : spi.obj (.text:SPIReset)
                  200090bc    00000020                 : gpio.obj (.text:GPIOPinWrite)
                  200090dc    00000020                 : interrupt.obj (.text:IntRegister)
                  200090fc    00000020                 : spi.obj (.text:SPIDataGet)
                  2000911c    0000001e                 : gpio.obj (.text:GPIOIntRegister)
                  2000913a    0000001e                 : timer.obj (.text:TimerDisable)
                  20009158    0000001e                 : timer.obj (.text:TimerEnable)
                  20009176    0000001e                 : timer.obj (.text:TimerIntStatus)
                  20009194    0000001e                 : uart.obj (.text:UARTCharPut)
                  200091b2    0000001e                 : uart.obj (.text:UARTIntRegister)
                  200091d0    0000001c                 : timer.obj (.text:TimerValueGet)
                  200091ec    0000001c                 : uart.obj (.text:UARTCharGetNonBlocking)
                  20009208    0000001c     rtsv7M4_T_le_v4SPD16_eabi.lib : memccpy.c.obj (.text:memccpy)
                  20009224    0000001a     driverlib.a : gpio.obj (.text:GPIOIntEnable)
                  2000923e    0000001a                 : pin.obj (.text:PinTypeSPI)
                  20009258    0000001a                 : pin.obj (.text:PinTypeUART)
                  20009272    00000018                 : spi.obj (.text:SPICSDisable)
                  2000928a    00000018                 : spi.obj (.text:SPICSEnable)
                  200092a2    00000018                 : spi.obj (.text:SPIEnable)
                  200092ba    00000002     --HOLE-- [fill = 0]
                  200092bc    00000018                 : systick.obj (.text:SysTickPeriodSet)
                  200092d4    00000018                 : timer.obj (.text:TimerIntDisable)
                  200092ec    00000018                 : timer.obj (.text:TimerIntEnable)
                  20009304    00000018                 : uart.obj (.text:UARTCharsAvail)
                  2000931c    00000018                 : uart.obj (.text:UARTFIFOLevelSet)
                  20009334    00000018                 : uart.obj (.text:UARTIntDisable)
                  2000934c    00000018                 : uart.obj (.text:UARTIntEnable)
                  20009364    00000018     rtsv7M4_T_le_v4SPD16_eabi.lib : vsnprintf.c.obj (.text:_outc)
                  2000937c    00000018                                   : strcmp.c.obj (.text:strcmp)
                  20009394    00000016     driverlib.a : prcm.obj (.text:PRCMHIBRegRead)
                  200093aa    00000016                 : prcm.obj (.text:PRCMHIBRegWrite)
                  200093c0    00000016                 : uart.obj (.text:UARTCharGet)
                  200093d6    00000016     rtsv7M4_T_le_v4SPD16_eabi.lib : strchr.c.obj (.text:strchr)
                  200093ec    00000014     driverlib.a : cpu.obj (.text:CPUcpsie)
                  20009400    00000014                 : gpio.obj (.text:GPIOIntClear)
                  20009414    00000014                 : interrupt.obj (.text:IntVTableBaseSet)
                  20009428    00000014     rtsv7M4_T_le_v4SPD16_eabi.lib : s_copysign.c.obj (.text:copysign)
                  2000943c    00000014                                   : strcpy.c.obj (.text:strcpy)
                  20009450    00000014                                   : strlen.c.obj (.text:strlen)
                  20009464    00000012     driverlib.a : timer.obj (.text:TimerIntClear)
                  20009476    00000012                 : uart.obj (.text:UARTIntClear)
                  20009488    00000012     rtsv7M4_T_le_v4SPD16_eabi.lib : copy_zero_init.c.obj (.text:decompress:ZI:__TI_zero_init_nomemset:__TI_zero_init_nomemset)
                  2000949a    00000012                                   : wcslen.c.obj (.text:wcslen)
                  200094ac    00000010     driverlib.a : systick.obj (.text:SysTickEnable)
                  200094bc    00000010                 : systick.obj (.text:SysTickIntEnable)
                  200094cc    0000000e     rtsv7M4_T_le_v4SPD16_eabi.lib : copy_decompress_none.c.obj (.text:decompress:none:__TI_decompress_none)
                  200094da    0000000e     startup_ccs.obj (.text)
                  200094e8    0000000c     driverlib.a : systick.obj (.text:SysTickValueGet)
                  200094f4    0000000a                 : interrupt.obj (.text:IntMasterEnable)
                  200094fe    00000002     --HOLE-- [fill = 0]
                  20009500    00000008     rtsv7M4_T_le_v4SPD16_eabi.lib : errno.c.obj (.text:__aeabi_errno_addr)
                  20009508    00000006     systick_if.obj (.text:SysCtlDelay)
                  2000950e    00000006     driverlib.a : utils.obj (.text:UtilsDelay)
                  20009514    00000004     rtsv7M4_T_le_v4SPD16_eabi.lib : pre_init.c.obj (.text:_system_pre_init)
                  20009518    00000004                                   : exit.c.obj (.text:abort:abort)

.const     0    2000951c    00000b78     
                  2000951c    000004fb     Adafruit_GFX.obj (.const:.string:font)
                  20009a17    00000001     --HOLE-- [fill = 0]
                  20009a18    0000026e     main.obj (.const:.string)
                  20009c86    00000101     rtsv7M4_T_le_v4SPD16_eabi.lib : ctype.c.obj (.const:.string:_ctypes_)
                  20009d87    00000001     --HOLE-- [fill = 0]
                  20009d88    00000100     driverlib.a : pin.obj (.const:g_ulPinToPadMap)
                  20009e88    000000d4                 : interrupt.obj (.const:g_pulRegs)
                  20009f5c    000000a8                 : prcm.obj (.const:PRCM_PeriphRegsList)
                  2000a004    00000080                 : interrupt.obj (.const)
                  2000a084    00000010                 : uart.obj (.const)

.cinit     0    2000a098    000000b0     
                  2000a098    00000088     (.cinit..data.load) [load image, compression = lzss]
                  2000a120    0000000c     (__TI_handler_table)
                  2000a12c    00000004     --HOLE-- [fill = 0]
                  2000a130    00000008     (.cinit..bss.load) [load image, compression = zero_init]
                  2000a138    00000010     (__TI_cinit_table)

.sysmem    0    20017000    00008000     UNINITIALIZED
                  20017000    00000008     rtsv7M4_T_le_v4SPD16_eabi.lib : memory.c.obj (.sysmem)
                  20017008    00007ff8     --HOLE--

.bss       0    2001f000    00000147     UNINITIALIZED
                  2001f000    0000003c     (.common:buf)
                  2001f03c    0000003c     (.common:cmp)
                  2001f078    0000003c     (.common:cmpCheck)
                  2001f0b4    0000003c     (.common:ifRepeat)
                  2001f0f0    00000010     systick_if.obj (.bss)
                  2001f100    00000008     main.obj (.bss)
                  2001f108    00000004     uart_if.obj (.bss)
                  2001f10c    00000004     (.common:Rx)
                  2001f110    00000004     (.common:Ry)
                  2001f114    00000004     (.common:count)
                  2001f118    00000004     (.common:diff)
                  2001f11c    00000004     (.common:g_ulClockRate)
                  2001f120    00000004     (.common:i)
                  2001f124    00000004     (.common:j)
                  2001f128    00000004     (.common:k)
                  2001f12c    00000004     (.common:lastValue)
                  2001f130    00000004     (.common:m)
                  2001f134    00000004     (.common:maxLength)
                  2001f138    00000004     (.common:value)
                  2001f13c    00000004     (.common:x)
                  2001f140    00000004     (.common:y)
                  2001f144    00000001     (.common:confirmFlag)
                  2001f145    00000001     (.common:isNew)
                  2001f146    00000001     (.common:nextFlag)

.data      0    2001f148    0000009c     UNINITIALIZED
                  2001f148    00000030     main.obj (.data:checkList)
                  2001f178    00000030     main.obj (.data)
                  2001f1a8    00000015     Adafruit_GFX.obj (.data)
                  2001f1bd    00000003     --HOLE--
                  2001f1c0    0000000c     rtsv7M4_T_le_v4SPD16_eabi.lib : memory.c.obj (.data:$O1$$)
                  2001f1cc    0000000c     systick_if.obj (.data)
                  2001f1d8    00000008     rtsv7M4_T_le_v4SPD16_eabi.lib : _lock.c.obj (.data:$O1$$)
                  2001f1e0    00000004                                   : errno.c.obj (.data)

.stack     0    2002f000    00001000     UNINITIALIZED
                  2002f000    00000004     rtsv7M4_T_le_v4SPD16_eabi.lib : boot_cortex_m.c.obj (.stack)
                  2002f004    00000ffc     --HOLE--

MODULE SUMMARY

       Module                       code    ro data   rw data
       ------                       ----    -------   -------
    .\
       Adafruit_GFX.obj             2688    1275      21     
       main.obj                     2748    622       399    
       Adafruit_OLED.obj            1190    0         0      
       startup_ccs.obj              14      1024      0      
       systick_if.obj               646     0         32     
       uart_if.obj                  640     0         4      
       timer_if.obj                 408     0         0      
       pinmux.obj                   328     0         0      
    +--+----------------------------+-------+---------+---------+
       Total:                       8662    2921      456    
                                                             
    C:/ti/CC3200SDK_1.3.0/cc3200-sdk/driverlib/ccs/Release/driverlib.a
       prcm.obj                     800     168       0      
       interrupt.obj                520     340       0      
       pin.obj                      300     256       0      
       timer.obj                    552     0         0      
       uart.obj                     494     16        0      
       gpio.obj                     398     0         0      
       spi.obj                      338     0         0      
       systick.obj                  68      0         0      
       cpu.obj                      20      0         0      
       utils.obj                    6       0         0      
    +--+----------------------------+-------+---------+---------+
       Total:                       3496    780       0      
                                                             
    C:\ti\ccsv8\tools\compiler\ti-cgt-arm_18.1.3.LTS\lib\rtsv7M4_T_le_v4SPD16_eabi.lib
       _printfi.c.obj               4863    0         0      
       memory.c.obj                 768     0         12     
       fd_add_t2.asm.obj            438     0         0      
       fd_div_t2.asm.obj            310     0         0      
       s_scalbn.c.obj               272     0         0      
       fd_cmp_t2.asm.obj            268     0         0      
       ctype.c.obj                  0       257       0      
       fd_mul_t2.asm.obj            252     0         0      
       memcpy_t2.asm.obj            156     0         0      
       ull_div_t2.asm.obj           150     0         0      
       vsnprintf.c.obj              136     0         0      
       memset_t2.asm.obj            122     0         0      
       copy_decompress_lzss.c.obj   104     0         0      
       s_frexp.c.obj                100     0         0      
       ltoa.c.obj                   84      0         0      
       atoi.c.obj                   76      0         0      
       fd_toi_t2.asm.obj            72      0         0      
       autoinit.c.obj               68      0         0      
       boot_cortex_m.c.obj          56      0         0      
       i_tofd_t2.asm.obj            46      0         0      
       memmov.c.obj                 36      0         0      
       memccpy.c.obj                28      0         0      
       strcmp.c.obj                 24      0         0      
       strchr.c.obj                 22      0         0      
       s_copysign.c.obj             20      0         0      
       strcpy.c.obj                 20      0         0      
       strlen.c.obj                 20      0         0      
       copy_zero_init.c.obj         18      0         0      
       wcslen.c.obj                 18      0         0      
       copy_decompress_none.c.obj   14      0         0      
       errno.c.obj                  8       0         4      
       _lock.c.obj                  2       0         8      
       exit.c.obj                   4       0         0      
       pre_init.c.obj               4       0         0      
       div0.asm.obj                 2       0         0      
    +--+----------------------------+-------+---------+---------+
       Total:                       8581    257       24     
                                                             
       Heap:                        0       0         32768  
       Stack:                       0       0         4096   
       Linker Generated:            0       172       0      
    +--+----------------------------+-------+---------+---------+
       Grand Total:                 20739   4130      37344  


LINKER GENERATED COPY TABLES

__TI_cinit_table @ 2000a138 records: 2, size/record: 8, table size: 16
	.data: load addr=2000a098, load size=00000088 bytes, run addr=2001f148, run size=0000009c bytes, compression=lzss
	.bss: load addr=2000a130, load size=00000008 bytes, run addr=2001f000, run size=00000147 bytes, compression=zero_init


LINKER GENERATED HANDLER TABLE

__TI_handler_table @ 2000a120 records: 3, size/record: 4, table size: 12
	index: 0, handler: __TI_decompress_lzss
	index: 1, handler: __TI_decompress_none
	index: 2, handler: __TI_zero_init


GLOBAL SYMBOLS: SORTED ALPHABETICALLY BY Name 

address   name                          
-------   ----                          
20006425  Adafruit_Init                 
2001f178  Button0                       
2001f17c  Button1                       
2001f180  Button2                       
2001f184  Button3                       
2001f188  Button4                       
2001f18c  Button5                       
2001f190  Button6                       
2001f194  Button7                       
2001f198  Button8                       
2001f19c  Button9                       
20009519  C$$EXIT                       
200093ed  CPUcpsie                      
20006b05  ClearTerm                     
2000659b  Color565                      
20006b0f  Error                         
20008e1d  GPIODirModeSet                
20009401  GPIOIntClear                  
20009225  GPIOIntEnable                 
2000911d  GPIOIntRegister               
20009079  GPIOIntStatus                 
20008521  GPIOIntTypeSet                
200090bd  GPIOPinWrite                  
20006b47  GetCmd                        
20006ac5  InitTerm                      
20007fd5  IntDisable                    
2000807d  IntEnable                     
200094f5  IntMasterEnable               
200089d1  IntPrioritySet                
200090dd  IntRegister                   
2000900d  IntUnregister                 
20009415  IntVTableBaseSet              
2001f1a0  LAST                          
2001f1a4  MUTE                          
20006ae3  Message                       
20005867  Outstr                        
200074d5  PRCMCC3200MCUInit             
20009395  PRCMHIBRegRead                
200093ab  PRCMHIBRegWrite               
20008f95  PRCMPeripheralClkDisable      
20008d35  PRCMPeripheralClkEnable       
200082f9  PRCMPeripheralClockGet        
20008921  PRCMPeripheralReset           
20008f15  PRCMSysResetCauseGet          
2000838d  PinConfigSet                  
20008c75  PinModeSet                    
2000764d  PinMuxConfig                  
20008e53  PinTypeGPIO                   
2000923f  PinTypeSPI                    
20009259  PinTypeUART                   
20006c85  Report                        
200094db  ResetISR                      
2001f10c  Rx                            
2001f110  Ry                            
20009273  SPICSDisable                  
2000928b  SPICSEnable                   
20008125  SPIConfigSetExpClk            
200090fd  SPIDataGet                    
20008fbd  SPIDataPutNonBlocking         
200092a3  SPIEnable                     
2000909b  SPIReset                      
20009509  SysCtlDelay                   
200094ad  SysTickEnable                 
20006845  SysTickHandler                
200068d7  SysTickInit                   
200094bd  SysTickIntEnable              
200092bd  SysTickPeriodSet              
200094e9  SysTickValueGet               
20008ba9  TimerConfigure                
2000913b  TimerDisable                  
20009159  TimerEnable                   
20009465  TimerIntClear                 
200092d5  TimerIntDisable               
200092ed  TimerIntEnable                
2000870d  TimerIntRegister              
20009177  TimerIntStatus                
200087ed  TimerIntUnregister            
20008f41  TimerLoadSet                  
20008f6b  TimerPrescaleSet              
200091d1  TimerValueGet                 
20007483  Timer_IF_DeInit               
200074b5  Timer_IF_GetCount             
200073bd  Timer_IF_Init                 
200073ef  Timer_IF_IntSetup             
2000743b  Timer_IF_InterruptClear       
2000749d  Timer_IF_ReLoad               
20007453  Timer_IF_Start                
20007473  Timer_IF_Stop                 
20006bed  TrimSpace                     
200093c1  UARTCharGet                   
200091ed  UARTCharGetNonBlocking        
20009195  UARTCharPut                   
20009305  UARTCharsAvail                
20008695  UARTConfigSetExpClk           
20008e85  UARTDisable                   
20009031  UARTEnable                    
2000931d  UARTFIFOLevelSet              
20009477  UARTIntClear                  
20009335  UARTIntDisable                
2000934d  UARTIntEnable                 
200091b3  UARTIntRegister               
20006a79  UTUtilsDelay                  
20006a67  UTUtilsDelayCycles            
20006979  UTUtilsGetSysTime             
20006a21  UTUtilsWaitForCount           
2000950f  UtilsDelay                    
20030000  __STACK_END                   
00001000  __STACK_SIZE                  
00008000  __SYSMEM_SIZE                 
2000a138  __TI_CINIT_Base               
2000a148  __TI_CINIT_Limit              
2000a120  __TI_Handler_Table_Base       
2000a12c  __TI_Handler_Table_Limit      
20008c31  __TI_auto_init_nobinit_nopinit
20008855  __TI_decompress_lzss          
200094cd  __TI_decompress_none          
ffffffff  __TI_pprof_out_hndl           
2000593d  __TI_printfi                  
ffffffff  __TI_prof_data_size           
ffffffff  __TI_prof_data_start          
2000a098  __TI_static_base__            
20009489  __TI_zero_init_nomemset       
20008415  __aeabi_cdcmpeq               
20008415  __aeabi_cdcmple               
2000849b  __aeabi_cdrcmple              
20008b61  __aeabi_d2iz                  
2000718f  __aeabi_dadd                  
200078d1  __aeabi_ddiv                  
20007d4d  __aeabi_dmul                  
20007185  __aeabi_dsub                  
20009501  __aeabi_errno_addr            
20008ee5  __aeabi_i2d                   
2000733b  __aeabi_idiv0                 
2000733b  __aeabi_ldiv0                 
200085a3  __aeabi_memclr                
200085a3  __aeabi_memclr4               
200085a3  __aeabi_memclr8               
200081c5  __aeabi_memcpy                
200081c5  __aeabi_memcpy4               
200081c5  __aeabi_memcpy8               
200085a5  __aeabi_memset                
200085a5  __aeabi_memset4               
200085a5  __aeabi_memset8               
20008261  __aeabi_uldivmod              
ffffffff  __binit__                     
ffffffff  __c_args__                    
UNDEFED   __mpu_init                    
2002f000  __stack                       
20008dad  _c_int00_noargs               
20009c86  _ctypes_                      
2001f1d8  _lock                         
20006843  _nop                          
20017000  _sys_memory                   
UNDEFED   _system_post_cinit            
20009515  _system_pre_init              
2001f1dc  _unlock                       
20009519  abort                         
20008acd  atoi                          
ffffffff  binit                         
2001f000  buf                           
2001f148  checkList                     
2001f03c  cmp                           
2001f078  cmpCheck                      
2001f144  confirmFlag                   
20009429  copysign                      
20009429  copysignl                     
2001f114  count                         
2001f1a8  cursor_x                      
2001f1ac  cursor_y                      
2001f118  diff                          
2000571b  drawChar                      
20004ebd  drawCircle                    
20004ff1  drawCircleHelper              
2000674d  drawFastHLine                 
200066b1  drawFastVLine                 
20005237  drawLine                      
200067e9  drawPixel                     
20005323  drawRect                      
20005371  drawRoundRect                 
200054d9  drawTriangle                  
2001f1e0  errno                         
2000510f  fillCircle                    
20005149  fillCircleHelper              
200065f3  fillRect                      
2000545f  fillRoundRect                 
200065dd  fillScreen                    
2000551b  fillTriangle                  
20007e49  free                          
200088bd  frexp                         
200088bd  frexpl                        
20004000  g_pfnVectors                  
2001f11c  g_ulClockRate                 
20006557  goTo                          
2000591b  height                        
2001f120  i                             
2001f0b4  ifRepeat                      
20006827  invert                        
2001f145  isNew                         
2001f124  j                             
2001f128  k                             
2001f12c  lastValue                     
20007c3d  ldexp                         
20007c3d  ldexpl                        
20008a25  ltoa                          
2001f130  m                             
20004bd1  main                          
2000861d  malloc                        
2001f134  maxLength                     
20009209  memccpy                       
200081c5  memcpy                        
20009055  memmove                       
200085ab  memset                        
20008de5  minit                         
2001f146  nextFlag                      
20007b29  realloc                       
20007c3d  scalbn                        
20007c3d  scalbnl                       
200058b3  setCursor                     
200058eb  setTextColor                  
200058cb  setTextSize                   
20005903  setTextWrap                   
200093d7  strchr                        
2000937d  strcmp                        
2000943d  strcpy                        
20009451  strlen                        
2001f1b8  textbgcolor                   
2001f1b4  textcolor                     
2001f1b0  textsize                      
20004401  time_diff                     
2001f138  value                         
20008cb5  vsnprintf                     
2000949b  wcslen                        
20005917  width                         
2001f1bc  wrap                          
2000639d  writeCommand                  
200063e1  writeData                     
2001f13c  x                             
2001f140  y                             


GLOBAL SYMBOLS: SORTED BY Symbol Address 

address   name                          
-------   ----                          
00001000  __STACK_SIZE                  
00008000  __SYSMEM_SIZE                 
20004000  g_pfnVectors                  
20004401  time_diff                     
20004bd1  main                          
20004ebd  drawCircle                    
20004ff1  drawCircleHelper              
2000510f  fillCircle                    
20005149  fillCircleHelper              
20005237  drawLine                      
20005323  drawRect                      
20005371  drawRoundRect                 
2000545f  fillRoundRect                 
200054d9  drawTriangle                  
2000551b  fillTriangle                  
2000571b  drawChar                      
20005867  Outstr                        
200058b3  setCursor                     
200058cb  setTextSize                   
200058eb  setTextColor                  
20005903  setTextWrap                   
20005917  width                         
2000591b  height                        
2000593d  __TI_printfi                  
2000639d  writeCommand                  
200063e1  writeData                     
20006425  Adafruit_Init                 
20006557  goTo                          
2000659b  Color565                      
200065dd  fillScreen                    
200065f3  fillRect                      
200066b1  drawFastVLine                 
2000674d  drawFastHLine                 
200067e9  drawPixel                     
20006827  invert                        
20006843  _nop                          
20006845  SysTickHandler                
200068d7  SysTickInit                   
20006979  UTUtilsGetSysTime             
20006a21  UTUtilsWaitForCount           
20006a67  UTUtilsDelayCycles            
20006a79  UTUtilsDelay                  
20006ac5  InitTerm                      
20006ae3  Message                       
20006b05  ClearTerm                     
20006b0f  Error                         
20006b47  GetCmd                        
20006bed  TrimSpace                     
20006c85  Report                        
20007185  __aeabi_dsub                  
2000718f  __aeabi_dadd                  
2000733b  __aeabi_idiv0                 
2000733b  __aeabi_ldiv0                 
200073bd  Timer_IF_Init                 
200073ef  Timer_IF_IntSetup             
2000743b  Timer_IF_InterruptClear       
20007453  Timer_IF_Start                
20007473  Timer_IF_Stop                 
20007483  Timer_IF_DeInit               
2000749d  Timer_IF_ReLoad               
200074b5  Timer_IF_GetCount             
200074d5  PRCMCC3200MCUInit             
2000764d  PinMuxConfig                  
200078d1  __aeabi_ddiv                  
20007b29  realloc                       
20007c3d  ldexp                         
20007c3d  ldexpl                        
20007c3d  scalbn                        
20007c3d  scalbnl                       
20007d4d  __aeabi_dmul                  
20007e49  free                          
20007fd5  IntDisable                    
2000807d  IntEnable                     
20008125  SPIConfigSetExpClk            
200081c5  __aeabi_memcpy                
200081c5  __aeabi_memcpy4               
200081c5  __aeabi_memcpy8               
200081c5  memcpy                        
20008261  __aeabi_uldivmod              
200082f9  PRCMPeripheralClockGet        
2000838d  PinConfigSet                  
20008415  __aeabi_cdcmpeq               
20008415  __aeabi_cdcmple               
2000849b  __aeabi_cdrcmple              
20008521  GPIOIntTypeSet                
200085a3  __aeabi_memclr                
200085a3  __aeabi_memclr4               
200085a3  __aeabi_memclr8               
200085a5  __aeabi_memset                
200085a5  __aeabi_memset4               
200085a5  __aeabi_memset8               
200085ab  memset                        
2000861d  malloc                        
20008695  UARTConfigSetExpClk           
2000870d  TimerIntRegister              
200087ed  TimerIntUnregister            
20008855  __TI_decompress_lzss          
200088bd  frexp                         
200088bd  frexpl                        
20008921  PRCMPeripheralReset           
200089d1  IntPrioritySet                
20008a25  ltoa                          
20008acd  atoi                          
20008b61  __aeabi_d2iz                  
20008ba9  TimerConfigure                
20008c31  __TI_auto_init_nobinit_nopinit
20008c75  PinModeSet                    
20008cb5  vsnprintf                     
20008d35  PRCMPeripheralClkEnable       
20008dad  _c_int00_noargs               
20008de5  minit                         
20008e1d  GPIODirModeSet                
20008e53  PinTypeGPIO                   
20008e85  UARTDisable                   
20008ee5  __aeabi_i2d                   
20008f15  PRCMSysResetCauseGet          
20008f41  TimerLoadSet                  
20008f6b  TimerPrescaleSet              
20008f95  PRCMPeripheralClkDisable      
20008fbd  SPIDataPutNonBlocking         
2000900d  IntUnregister                 
20009031  UARTEnable                    
20009055  memmove                       
20009079  GPIOIntStatus                 
2000909b  SPIReset                      
200090bd  GPIOPinWrite                  
200090dd  IntRegister                   
200090fd  SPIDataGet                    
2000911d  GPIOIntRegister               
2000913b  TimerDisable                  
20009159  TimerEnable                   
20009177  TimerIntStatus                
20009195  UARTCharPut                   
200091b3  UARTIntRegister               
200091d1  TimerValueGet                 
200091ed  UARTCharGetNonBlocking        
20009209  memccpy                       
20009225  GPIOIntEnable                 
2000923f  PinTypeSPI                    
20009259  PinTypeUART                   
20009273  SPICSDisable                  
2000928b  SPICSEnable                   
200092a3  SPIEnable                     
200092bd  SysTickPeriodSet              
200092d5  TimerIntDisable               
200092ed  TimerIntEnable                
20009305  UARTCharsAvail                
2000931d  UARTFIFOLevelSet              
20009335  UARTIntDisable                
2000934d  UARTIntEnable                 
2000937d  strcmp                        
20009395  PRCMHIBRegRead                
200093ab  PRCMHIBRegWrite               
200093c1  UARTCharGet                   
200093d7  strchr                        
200093ed  CPUcpsie                      
20009401  GPIOIntClear                  
20009415  IntVTableBaseSet              
20009429  copysign                      
20009429  copysignl                     
2000943d  strcpy                        
20009451  strlen                        
20009465  TimerIntClear                 
20009477  UARTIntClear                  
20009489  __TI_zero_init_nomemset       
2000949b  wcslen                        
200094ad  SysTickEnable                 
200094bd  SysTickIntEnable              
200094cd  __TI_decompress_none          
200094db  ResetISR                      
200094e9  SysTickValueGet               
200094f5  IntMasterEnable               
20009501  __aeabi_errno_addr            
20009509  SysCtlDelay                   
2000950f  UtilsDelay                    
20009515  _system_pre_init              
20009519  C$$EXIT                       
20009519  abort                         
20009c86  _ctypes_                      
2000a098  __TI_static_base__            
2000a120  __TI_Handler_Table_Base       
2000a12c  __TI_Handler_Table_Limit      
2000a138  __TI_CINIT_Base               
2000a148  __TI_CINIT_Limit              
20017000  _sys_memory                   
2001f000  buf                           
2001f03c  cmp                           
2001f078  cmpCheck                      
2001f0b4  ifRepeat                      
2001f10c  Rx                            
2001f110  Ry                            
2001f114  count                         
2001f118  diff                          
2001f11c  g_ulClockRate                 
2001f120  i                             
2001f124  j                             
2001f128  k                             
2001f12c  lastValue                     
2001f130  m                             
2001f134  maxLength                     
2001f138  value                         
2001f13c  x                             
2001f140  y                             
2001f144  confirmFlag                   
2001f145  isNew                         
2001f146  nextFlag                      
2001f148  checkList                     
2001f178  Button0                       
2001f17c  Button1                       
2001f180  Button2                       
2001f184  Button3                       
2001f188  Button4                       
2001f18c  Button5                       
2001f190  Button6                       
2001f194  Button7                       
2001f198  Button8                       
2001f19c  Button9                       
2001f1a0  LAST                          
2001f1a4  MUTE                          
2001f1a8  cursor_x                      
2001f1ac  cursor_y                      
2001f1b0  textsize                      
2001f1b4  textcolor                     
2001f1b8  textbgcolor                   
2001f1bc  wrap                          
2001f1d8  _lock                         
2001f1dc  _unlock                       
2001f1e0  errno                         
2002f000  __stack                       
20030000  __STACK_END                   
ffffffff  __TI_pprof_out_hndl           
ffffffff  __TI_prof_data_size           
ffffffff  __TI_prof_data_start          
ffffffff  __binit__                     
ffffffff  __c_args__                    
ffffffff  binit                         
UNDEFED   __mpu_init                    
UNDEFED   _system_post_cinit            

[238 symbols]
